Component: ARM Compiler 5.06 update 6 (build 750) Tool: armlink [4d35ed]

==============================================================================

Section Cross References

    startup_stm32f103xb.o(RESET) refers to startup_stm32f103xb.o(STACK) for __initial_sp
    startup_stm32f103xb.o(RESET) refers to startup_stm32f103xb.o(.text) for Reset_Handler
    startup_stm32f103xb.o(RESET) refers to stm32f1xx_it.o(i.NMI_Handler) for NMI_Handler
    startup_stm32f103xb.o(RESET) refers to stm32f1xx_it.o(i.HardFault_Handler) for HardFault_Handler
    startup_stm32f103xb.o(RESET) refers to stm32f1xx_it.o(i.MemManage_Handler) for MemManage_Handler
    startup_stm32f103xb.o(RESET) refers to stm32f1xx_it.o(i.BusFault_Handler) for BusFault_Handler
    startup_stm32f103xb.o(RESET) refers to stm32f1xx_it.o(i.UsageFault_Handler) for UsageFault_Handler
    startup_stm32f103xb.o(RESET) refers to port.o(.emb_text) for SVC_Handler
    startup_stm32f103xb.o(RESET) refers to stm32f1xx_it.o(i.DebugMon_Handler) for DebugMon_Handler
    startup_stm32f103xb.o(RESET) refers to port.o(i.SysTick_Handler) for SysTick_Handler
    startup_stm32f103xb.o(RESET) refers to stm32f1xx_it.o(i.DMA1_Channel4_IRQHandler) for DMA1_Channel4_IRQHandler
    startup_stm32f103xb.o(RESET) refers to stm32f1xx_it.o(i.DMA1_Channel5_IRQHandler) for DMA1_Channel5_IRQHandler
    startup_stm32f103xb.o(RESET) refers to stm32f1xx_it.o(i.TIM1_UP_IRQHandler) for TIM1_UP_IRQHandler
    startup_stm32f103xb.o(RESET) refers to stm32f1xx_it.o(i.USART1_IRQHandler) for USART1_IRQHandler
    startup_stm32f103xb.o(.text) refers to system_stm32f1xx.o(i.SystemInit) for SystemInit
    startup_stm32f103xb.o(.text) refers to entry.o(.ARM.Collect$$$$00000000) for __main
    sim808.o(i.GSM_SMS) refers to _scanf_str.o(.text) for _scanf_string
    sim808.o(i.GSM_SMS) refers to memseta.o(.text) for __aeabi_memclr4
    sim808.o(i.GSM_SMS) refers to strstr.o(.text) for strstr
    sim808.o(i.GSM_SMS) refers to __0sscanf.o(.text) for __0sscanf
    sim808.o(i.GSM_SMS) refers to atoi.o(.text) for atoi
    sim808.o(i.GSM_SMS) refers to sim808.o(i.GSM_SMS_read) for GSM_SMS_read
    sim808.o(i.GSM_SMS) refers to printf3.o(i.__0printf$3) for __2printf
    sim808.o(i.GSM_SMS) refers to sim808.o(i.GSM_restart_recive) for GSM_restart_recive
    sim808.o(i.GSM_SMS) refers to sim808.o(.bss) for .bss
    sim808.o(i.GSM_SMS_read) refers to _scanf_str.o(.text) for _scanf_string
    sim808.o(i.GSM_SMS_read) refers to memseta.o(.text) for __aeabi_memclr4
    sim808.o(i.GSM_SMS_read) refers to cmsis_os.o(i.osDelay) for osDelay
    sim808.o(i.GSM_SMS_read) refers to printf3.o(i.__0sprintf$3) for __2sprintf
    sim808.o(i.GSM_SMS_read) refers to sim808.o(i.GSM_send_atcommand) for GSM_send_atcommand
    sim808.o(i.GSM_SMS_read) refers to sim808.o(i.GSM_get_rsp) for GSM_get_rsp
    sim808.o(i.GSM_SMS_read) refers to printf3.o(i.__0printf$3) for __2printf
    sim808.o(i.GSM_SMS_read) refers to strstr.o(.text) for strstr
    sim808.o(i.GSM_SMS_read) refers to __0sscanf.o(.text) for __0sscanf
    sim808.o(i.GSM_SMS_read) refers to sim808.o(.bss) for .bss
    sim808.o(i.GSM_callback) refers to _scanf_int.o(.text) for _scanf_int
    sim808.o(i.GSM_callback) refers to _scanf_str.o(.text) for _scanf_string
    sim808.o(i.GSM_callback) refers to strstr.o(.text) for strstr
    sim808.o(i.GSM_callback) refers to printf3.o(i.__0printf$3) for __2printf
    sim808.o(i.GSM_callback) refers to cmsis_os.o(i.osDelay) for osDelay
    sim808.o(i.GSM_callback) refers to __0sscanf.o(.text) for __0sscanf
    sim808.o(i.GSM_callback) refers to sim808.o(i.GSM_restart_recive) for GSM_restart_recive
    sim808.o(i.GSM_callback) refers to sim808.o(i.GSM_ring) for GSM_ring
    sim808.o(i.GSM_callback) refers to sim808.o(i.GSM_SMS) for GSM_SMS
    sim808.o(i.GSM_callback) refers to sim808.o(.bss) for .bss
    sim808.o(i.GSM_callback) refers to sim808.o(.data) for .data
    sim808.o(i.GSM_clear_buff) refers to memseta.o(.text) for __aeabi_memclr
    sim808.o(i.GSM_clear_buff) refers to sim808.o(.bss) for .bss
    sim808.o(i.GSM_get_rsp) refers to stm32f1xx_hal.o(i.HAL_GetTick) for HAL_GetTick
    sim808.o(i.GSM_get_rsp) refers to strstr.o(.text) for strstr
    sim808.o(i.GSM_get_rsp) refers to printf3.o(i.__0printf$3) for __2printf
    sim808.o(i.GSM_get_rsp) refers to sim808.o(.bss) for .bss
    sim808.o(i.GSM_init) refers to sim808.o(i.GSM_test_connection) for GSM_test_connection
    sim808.o(i.GSM_init) refers to cmsis_os.o(i.osDelay) for osDelay
    sim808.o(i.GSM_init) refers to sim808.o(i.GSM_send_atcommand) for GSM_send_atcommand
    sim808.o(i.GSM_init) refers to printf3.o(i.__0printf$3) for __2printf
    sim808.o(i.GSM_init) refers to sim808.o(i.GSM_restart_recive) for GSM_restart_recive
    sim808.o(i.GSM_restart_recive) refers to stm32f1xx_hal_uart.o(i.HAL_UART_DMAStop) for HAL_UART_DMAStop
    sim808.o(i.GSM_restart_recive) refers to sim808.o(i.GSM_clear_buff) for GSM_clear_buff
[...]
    ../Drivers/STM32F1xx_HAL_Driver/Src/stm32f1xx_hal_gpio_ex.c 0x00000000   Number         0  stm32f1xx_hal_gpio_ex.o ABSOLUTE
    ../Drivers/STM32F1xx_HAL_Driver/Src/stm32f1xx_hal_pwr.c 0x00000000   Number         0  stm32f1xx_hal_pwr.o ABSOLUTE
    ../Drivers/STM32F1xx_HAL_Driver/Src/stm32f1xx_hal_rcc.c 0x00000000   Number         0  stm32f1xx_hal_rcc.o ABSOLUTE
    ../Drivers/STM32F1xx_HAL_Driver/Src/stm32f1xx_hal_rcc_ex.c 0x00000000   Number         0  stm32f1xx_hal_rcc_ex.o ABSOLUTE
    ../Drivers/STM32F1xx_HAL_Driver/Src/stm32f1xx_hal_tim.c 0x00000000   Number         0  stm32f1xx_hal_tim.o ABSOLUTE
    ../Drivers/STM32F1xx_HAL_Driver/Src/stm32f1xx_hal_tim_ex.c 0x00000000   Number         0  stm32f1xx_hal_tim_ex.o ABSOLUTE
    ../Drivers/STM32F1xx_HAL_Driver/Src/stm32f1xx_hal_uart.c 0x00000000   Number         0  stm32f1xx_hal_uart.o ABSOLUTE
    ../Middlewares/Third_Party/FreeRTOS/Source/CMSIS_RTOS/cmsis_os.c 0x00000000   Number         0  cmsis_os.o ABSOLUTE
    ../Middlewares/Third_Party/FreeRTOS/Source/croutine.c 0x00000000   Number         0  croutine.o ABSOLUTE
    ../Middlewares/Third_Party/FreeRTOS/Source/event_groups.c 0x00000000   Number         0  event_groups.o ABSOLUTE
    ../Middlewares/Third_Party/FreeRTOS/Source/list.c 0x00000000   Number         0  list.o ABSOLUTE
    ../Middlewares/Third_Party/FreeRTOS/Source/portable/MemMang/heap_4.c 0x00000000   Number         0  heap_4.o ABSOLUTE
    ../Middlewares/Third_Party/FreeRTOS/Source/portable/RVDS/ARM_CM3/port.c 0x00000000   Number         0  port.o ABSOLUTE
    ../Middlewares/Third_Party/FreeRTOS/Source/queue.c 0x00000000   Number         0  queue.o ABSOLUTE
    ../Middlewares/Third_Party/FreeRTOS/Source/stream_buffer.c 0x00000000   Number         0  stream_buffer.o ABSOLUTE
    ../Middlewares/Third_Party/FreeRTOS/Source/tasks.c 0x00000000   Number         0  tasks.o ABSOLUTE
    ../Middlewares/Third_Party/FreeRTOS/Source/timers.c 0x00000000   Number         0  timers.o ABSOLUTE
    ../Src/dma.c                             0x00000000   Number         0  dma.o ABSOLUTE
    ../Src/freertos.c                        0x00000000   Number         0  freertos.o ABSOLUTE
    ../Src/gpio.c                            0x00000000   Number         0  gpio.o ABSOLUTE
    ../Src/main.c                            0x00000000   Number         0  main.o ABSOLUTE
    ../Src/stm32f1xx_hal_msp.c               0x00000000   Number         0  stm32f1xx_hal_msp.o ABSOLUTE
    ../Src/stm32f1xx_hal_timebase_tim.c      0x00000000   Number         0  stm32f1xx_hal_timebase_tim.o ABSOLUTE
    ../Src/stm32f1xx_it.c                    0x00000000   Number         0  stm32f1xx_it.o ABSOLUTE
    ../Src/system_stm32f1xx.c                0x00000000   Number         0  system_stm32f1xx.o ABSOLUTE
    ../Src/usart.c                           0x00000000   Number         0  usart.o ABSOLUTE
    ../clib/microlib/ctype/ctype.c           0x00000000   Number         0  isxdigit_o.o ABSOLUTE
    ../clib/microlib/ctype/ctype.c           0x00000000   Number         0  isupper_o.o ABSOLUTE
    ../clib/microlib/ctype/ctype.c           0x00000000   Number         0  isspace_o.o ABSOLUTE
    ../clib/microlib/ctype/ctype.c           0x00000000   Number         0  ispunct_o.o ABSOLUTE
    ../clib/microlib/ctype/ctype.c           0x00000000   Number         0  isprint_o.o ABSOLUTE
    ../clib/microlib/ctype/ctype.c           0x00000000   Number         0  islower_o.o ABSOLUTE
    ../clib/microlib/ctype/ctype.c           0x00000000   Number         0  isgraph_o.o ABSOLUTE
    ../clib/microlib/ctype/ctype.c           0x00000000   Number         0  isdigit_o.o ABSOLUTE
    ../clib/microlib/ctype/ctype.c           0x00000000   Number         0  iscntrl_o.o ABSOLUTE
    ../clib/microlib/ctype/ctype.c           0x00000000   Number         0  isblank_o.o ABSOLUTE
    ../clib/microlib/ctype/ctype.c           0x00000000   Number         0  isalpha_o.o ABSOLUTE
    ../clib/microlib/ctype/ctype.c           0x00000000   Number         0  isalnum_o.o ABSOLUTE
    ../clib/microlib/ctype/ctype.c           0x00000000   Number         0  ctype_o.o ABSOLUTE
    ../clib/microlib/ctype/ctype.c           0x00000000   Number         0  isspace_c.o ABSOLUTE
    ../clib/microlib/ctype/ctype.c           0x00000000   Number         0  ctype_c.o ABSOLUTE
    ../clib/microlib/division.c              0x00000000   Number         0  uldiv.o ABSOLUTE
    ../clib/microlib/division.c              0x00000000   Number         0  uidiv.o ABSOLUTE
    ../clib/microlib/errno.c                 0x00000000   Number         0  errno.o ABSOLUTE
    ../clib/microlib/init/entry.s            0x00000000   Number         0  entry8b.o ABSOLUTE
    ../clib/microlib/init/entry.s            0x00000000   Number         0  entry8a.o ABSOLUTE
    ../clib/microlib/init/entry.s            0x00000000   Number         0  entry7b.o ABSOLUTE
    ../clib/microlib/init/entry.s            0x00000000   Number         0  entry7a.o ABSOLUTE
    ../clib/microlib/init/entry.s            0x00000000   Number         0  entry5.o ABSOLUTE
    ../clib/microlib/init/entry.s            0x00000000   Number         0  entry2.o ABSOLUTE
    ../clib/microlib/init/entry.s            0x00000000   Number         0  entry9a.o ABSOLUTE
    ../clib/microlib/init/entry.s            0x00000000   Number         0  entry.o ABSOLUTE
    ../clib/microlib/init/entry.s            0x00000000   Number         0  entry11b.o ABSOLUTE
    ../clib/microlib/init/entry.s            0x00000000   Number         0  entry11a.o ABSOLUTE
    ../clib/microlib/init/entry.s            0x00000000   Number         0  entry10b.o ABSOLUTE
    ../clib/microlib/init/entry.s            0x00000000   Number         0  entry10a.o ABSOLUTE
    ../clib/microlib/init/entry.s            0x00000000   Number         0  entry9b.o ABSOLUTE
    ../clib/microlib/longlong.c              0x00000000   Number         0  llsshr.o ABSOLUTE
    ../clib/microlib/longlong.c              0x00000000   Number         0  llushr.o ABSOLUTE
    ../clib/microlib/longlong.c              0x00000000   Number         0  llshl.o ABSOLUTE
    ../clib/microlib/printf/printf.c         0x00000000   Number         0  printfb.o ABSOLUTE
    ../clib/microlib/printf/printf.c         0x00000000   Number         0  printf0.o ABSOLUTE
    ../clib/microlib/printf/printf.c         0x00000000   Number         0  printf1.o ABSOLUTE
    ../clib/microlib/printf/printf.c         0x00000000   Number         0  printf2.o ABSOLUTE
    ../clib/microlib/printf/printf.c         0x00000000   Number         0  printf5.o ABSOLUTE
    ../clib/microlib/printf/printf.c         0x00000000   Number         0  printf6.o ABSOLUTE
    ../clib/microlib/printf/printf.c         0x00000000   Number         0  printf3.o ABSOLUTE
    ../clib/microlib/printf/printf.c         0x00000000   Number         0  printf7.o ABSOLUTE
    ../clib/microlib/printf/printf.c         0x00000000   Number         0  printf8.o ABSOLUTE
    ../clib/microlib/printf/printf.c         0x00000000   Number         0  printfa.o ABSOLUTE
    ../clib/microlib/printf/printf.c         0x00000000   Number         0  printf4.o ABSOLUTE
    ../clib/microlib/printf/stubs.s          0x00000000   Number         0  stubs.o ABSOLUTE
    ../clib/microlib/stdio/fputs.c           0x00000000   Number         0  fputs.o ABSOLUTE
    ../clib/microlib/stdio/fputs.c           0x00000000   Number         0  fputs_e.o ABSOLUTE
    ../clib/microlib/stdio/streams.c         0x00000000   Number         0  stdin.o ABSOLUTE
    ../clib/microlib/stdio/streams.c         0x00000000   Number         0  stdout.o ABSOLUTE
    ../clib/microlib/stdio/streams.c         0x00000000   Number         0  stderr.o ABSOLUTE
    ../clib/microlib/string/memcpy.c         0x00000000   Number         0  memcpyb.o ABSOLUTE
    ../clib/microlib/string/memcpy.c         0x00000000   Number         0  memcpya.o ABSOLUTE
    ../clib/microlib/string/memset.c         0x00000000   Number         0  memseta.o ABSOLUTE
    ../clib/microlib/string/memset.c         0x00000000   Number         0  memset.o ABSOLUTE
    ../clib/microlib/string/strstr.c         0x00000000   Number         0  strstr.o ABSOLUTE
    ../clib/microlib/stubs.s                 0x00000000   Number         0  iusefp.o ABSOLUTE
    ../clib/scanf.c                          0x00000000   Number         0  _strtoul.o ABSOLUTE
    ../clib/scanf.c                          0x00000000   Number         0  _scanf.o ABSOLUTE
    ../clib/scanf.c                          0x00000000   Number         0  _scanf_str.o ABSOLUTE
    ../clib/scanf.c                          0x00000000   Number         0  scanf_char.o ABSOLUTE
    ../clib/scanf.c                          0x00000000   Number         0  atoi.o ABSOLUTE
    ../clib/scanf.c                          0x00000000   Number         0  _sgetc.o ABSOLUTE
    ../clib/scanf.c                          0x00000000   Number         0  _scanf_int.o ABSOLUTE
    ../clib/scanf.c                          0x00000000   Number         0  __0sscanf.o ABSOLUTE
    ../clib/scanf.c                          0x00000000   Number         0  _chval.o ABSOLUTE
    ../clib/scanf.c                          0x00000000   Number         0  strtol.o ABSOLUTE
    ../fplib/microlib/fpadd.c                0x00000000   Number         0  dadd.o ABSOLUTE
    ../fplib/microlib/fpdiv.c                0x00000000   Number         0  ddiv.o ABSOLUTE
    ../fplib/microlib/fpepilogue.c           0x00000000   Number         0  depilogue.o ABSOLUTE
    ../fplib/microlib/fpfix.c                0x00000000   Number         0  dfixul.o ABSOLUTE
    ../fplib/microlib/fpmul.c                0x00000000   Number         0  dmul.o ABSOLUTE
    ..\Drivers\STM32F1xx_HAL_Driver\Src\stm32f1xx_hal.c 0x00000000   Number         0  stm32f1xx_hal.o ABSOLUTE
    ..\Drivers\STM32F1xx_HAL_Driver\Src\stm32f1xx_hal_cortex.c 0x00000000   Number         0  stm32f1xx_hal_cortex.o ABSOLUTE
    ..\Drivers\STM32F1xx_HAL_Driver\Src\stm32f1xx_hal_dma.c 0x00000000   Number         0  stm32f1xx_hal_dma.o ABSOLUTE
    ..\Drivers\STM32F1xx_HAL_Driver\Src\stm32f1xx_hal_exti.c 0x00000000   Number         0  stm32f1xx_hal_exti.o ABSOLUTE
    ..\Drivers\STM32F1xx_HAL_Driver\Src\stm32f1xx_hal_flash.c 0x00000000   Number         0  stm32f1xx_hal_flash.o ABSOLUTE
    ..\Drivers\STM32F1xx_HAL_Driver\Src\stm32f1xx_hal_flash_ex.c 0x00000000   Number         0  stm32f1xx_hal_flash_ex.o ABSOLUTE
    ..\Drivers\STM32F1xx_HAL_Driver\Src\stm32f1xx_hal_gpio.c 0x00000000   Number         0  stm32f1xx_hal_gpio.o ABSOLUTE
    ..\Drivers\STM32F1xx_HAL_Driver\Src\stm32f1xx_hal_gpio_ex.c 0x00000000   Number         0  stm32f1xx_hal_gpio_ex.o ABSOLUTE
    ..\Drivers\STM32F1xx_HAL_Driver\Src\stm32f1xx_hal_pwr.c 0x00000000   Number         0  stm32f1xx_hal_pwr.o ABSOLUTE
    ..\Drivers\STM32F1xx_HAL_Driver\Src\stm32f1xx_hal_rcc.c 0x00000000   Number         0  stm32f1xx_hal_rcc.o ABSOLUTE
    ..\Drivers\STM32F1xx_HAL_Driver\Src\stm32f1xx_hal_rcc_ex.c 0x00000000   Number         0  stm32f1xx_hal_rcc_ex.o ABSOLUTE
    ..\Drivers\STM32F1xx_HAL_Driver\Src\stm32f1xx_hal_tim.c 0x00000000   Number         0  stm32f1xx_hal_tim.o ABSOLUTE
    ..\Drivers\STM32F1xx_HAL_Driver\Src\stm32f1xx_hal_tim_ex.c 0x00000000   Number         0  stm32f1xx_hal_tim_ex.o ABSOLUTE
    ..\Drivers\STM32F1xx_HAL_Driver\Src\stm32f1xx_hal_uart.c 0x00000000   Number         0  stm32f1xx_hal_uart.o ABSOLUTE
    ..\Middlewares\Third_Party\FreeRTOS\Source\CMSIS_RTOS\cmsis_os.c 0x00000000   Number         0  cmsis_os.o ABSOLUTE
    ..\Middlewares\Third_Party\FreeRTOS\Source\portable\RVDS\ARM_CM3\port.c 0x00000000   Number         0  port.o ABSOLUTE
    ..\Src\dma.c                             0x00000000   Number         0  dma.o ABSOLUTE
    ..\Src\freertos.c                        0x00000000   Number         0  freertos.o ABSOLUTE
    ..\Src\gpio.c                            0x00000000   Number         0  gpio.o ABSOLUTE
    ..\Src\main.c                            0x00000000   Number         0  main.o ABSOLUTE
    ..\Src\stm32f1xx_hal_msp.c               0x00000000   Number         0  stm32f1xx_hal_msp.o ABSOLUTE
    ..\Src\stm32f1xx_hal_timebase_tim.c      0x00000000   Number         0  stm32f1xx_hal_timebase_tim.o ABSOLUTE
    ..\Src\stm32f1xx_it.c                    0x00000000   Number         0  stm32f1xx_it.o ABSOLUTE
    ..\Src\system_stm32f1xx.c                0x00000000   Number         0  system_stm32f1xx.o ABSOLUTE
    ..\Src\usart.c                           0x00000000   Number         0  usart.o ABSOLUTE
    C:\Users\Amir\AppData\Local\Arm\Packs\Keil\ARM_Compiler\1.6.3\Source\retarget_io.c 0x00000000   Number         0  retarget_io.o ABSOLUTE
    cdrcmple.s                               0x00000000   Number         0  cdrcmple.o ABSOLUTE
    dc.s                                     0x00000000   Number         0  dc.o ABSOLUTE
    handlers.s                               0x00000000   Number         0  handlers.o ABSOLUTE
    init.s                                   0x00000000   Number         0  init.o ABSOLUTE
    sim808.c                                 0x00000000   Number         0  sim808.o ABSOLUTE
    sim808.c                                 0x00000000   Number         0  sim808.o ABSOLUTE
    startup_stm32f103xb.s                    0x00000000   Number         0  startup_stm32f103xb.o ABSOLUTE
    RESET                                    0x08000000   Section      236  startup_stm32f103xb.o(RESET)
    .ARM.Collect$$$$00000000                 0x080000ec   Section        0  entry.o(.ARM.Collect$$$$00000000)
    .ARM.Collect$$$$00000001                 0x080000ec   Section        4  entry2.o(.ARM.Collect$$$$00000001)
    .ARM.Collect$$$$00000004                 0x080000f0   Section        4  entry5.o(.ARM.Collect$$$$00000004)
    .ARM.Collect$$$$00000008                 0x080000f4   Section        0  entry7b.o(.ARM.Collect$$$$00000008)
    .ARM.Collect$$$$0000000A                 0x080000f4   Section        0  entry8b.o(.ARM.Collect$$$$0000000A)
    .ARM.Collect$$$$0000000B                 0x080000f4   Section        8  entry9a.o(.ARM.Collect$$$$0000000B)
    .ARM.Collect$$$$0000000D                 0x080000fc   Section        0  entry10a.o(.ARM.Collect$$$$0000000D)
    .ARM.Collect$$$$0000000F                 0x080000fc   Section        0  entry11a.o(.ARM.Collect$$$$0000000F)
    .ARM.Collect$$$$00002712                 0x080000fc   Section        4  entry2.o(.ARM.Collect$$$$00002712)
    __lit__00000000                          0x080000fc   Data           4  entry2.o(.ARM.Collect$$$$00002712)
    .emb_text                                0x08000100   Section      150  port.o(.emb_text)
    .text                                    0x08000198   Section       36  startup_stm32f103xb.o(.text)
    .text                                    0x080001bc   Section        0  memcpya.o(.text)
    .text                                    0x080001e0   Section        0  memseta.o(.text)
    .text                                    0x08000204   Section        0  strstr.o(.text)
    .text                                    0x08000228   Section        0  __0sscanf.o(.text)
    .text                                    0x08000260   Section        0  _scanf_int.o(.text)
    .text                                    0x080003ac   Section        0  _scanf_str.o(.text)
    .text                                    0x0800048c   Section        0  atoi.o(.text)
    .text                                    0x080004a6   Section        0  uidiv.o(.text)
    .text                                    0x080004d2   Section        0  _chval.o(.text)
    .text                                    0x080004f0   Section        0  scanf_char.o(.text)
    _scanf_char_input                        0x080004f1   Thumb Code    12  scanf_char.o(.text)
    .text                                    0x08000518   Section        0  _sgetc.o(.text)
    .text                                    0x08000558   Section        0  strtol.o(.text)
    .text                                    0x080005c8   Section       36  init.o(.text)
    .text                                    0x080005ec   Section        0  ctype_o.o(.text)
    .text                                    0x080005f4   Section        0  isspace_o.o(.text)
    .text                                    0x08000608   Section        0  _scanf.o(.text)
    .text                                    0x08000934   Section        0  _strtoul.o(.text)
    i.BusFault_Handler                       0x080009d2   Section        0  stm32f1xx_it.o(i.BusFault_Handler)
    i.DMA1_Channel4_IRQHandler               0x080009d4   Section        0  stm32f1xx_it.o(i.DMA1_Channel4_IRQHandler)
    i.DMA1_Channel5_IRQHandler               0x080009e0   Section        0  stm32f1xx_it.o(i.DMA1_Channel5_IRQHandler)
    i.DMA_SetConfig                          0x080009ec   Section        0  stm32f1xx_hal_dma.o(i.DMA_SetConfig)
    DMA_SetConfig                            0x080009ed   Thumb Code    42  stm32f1xx_hal_dma.o(i.DMA_SetConfig)
    i.DebugMon_Handler                       0x08000a16   Section        0  stm32f1xx_it.o(i.DebugMon_Handler)
    i.Error_Handler                          0x08000a18   Section        0  main.o(i.Error_Handler)
    i.GSM_SMS                                0x08000a1c   Section        0  sim808.o(i.GSM_SMS)
    i.GSM_SMS_read                           0x08000ae0   Section        0  sim808.o(i.GSM_SMS_read)
    i.GSM_callback                           0x08000bbc   Section        0  sim808.o(i.GSM_callback)
    i.GSM_clear_buff                         0x08000da4   Section        0  sim808.o(i.GSM_clear_buff)
    i.GSM_get_rsp                            0x08000db8   Section        0  sim808.o(i.GSM_get_rsp)
    i.GSM_init                               0x08000e38   Section        0  sim808.o(i.GSM_init)
    i.GSM_restart_recive                     0x08001050   Section        0  sim808.o(i.GSM_restart_recive)
    i.GSM_ring                               0x08001068   Section        0  sim808.o(i.GSM_ring)
    i.GSM_send_atcommand                     0x080010bc   Section        0  sim808.o(i.GSM_send_atcommand)
    i.GSM_start_recive                       0x080010ec   Section        0  sim808.o(i.GSM_start_recive)
    i.GSM_test_connection                    0x08001108   Section        0  sim808.o(i.GSM_test_connection)
    i.HAL_DMA_Abort                          0x08001144   Section        0  stm32f1xx_hal_dma.o(i.HAL_DMA_Abort)
    i.HAL_DMA_Abort_IT                       0x0800118c   Section        0  stm32f1xx_hal_dma.o(i.HAL_DMA_Abort_IT)
    i.HAL_DMA_IRQHandler                     0x08001224   Section        0  stm32f1xx_hal_dma.o(i.HAL_DMA_IRQHandler)
    i.HAL_DMA_Init                           0x08001378   Section        0  stm32f1xx_hal_dma.o(i.HAL_DMA_Init)
    i.HAL_DMA_Start_IT                       0x080013d4   Section        0  stm32f1xx_hal_dma.o(i.HAL_DMA_Start_IT)
    i.HAL_GPIO_Init                          0x08001444   Section        0  stm32f1xx_hal_gpio.o(i.HAL_GPIO_Init)
    i.HAL_GPIO_TogglePin                     0x08001624   Section        0  stm32f1xx_hal_gpio.o(i.HAL_GPIO_TogglePin)
    i.HAL_GPIO_WritePin                      0x08001632   Section        0  stm32f1xx_hal_gpio.o(i.HAL_GPIO_WritePin)
    i.HAL_GetTick                            0x0800163c   Section        0  stm32f1xx_hal.o(i.HAL_GetTick)
    i.HAL_IncTick                            0x08001648   Section        0  stm32f1xx_hal.o(i.HAL_IncTick)
    i.HAL_Init                               0x08001658   Section        0  stm32f1xx_hal.o(i.HAL_Init)
    i.HAL_InitTick                           0x0800167c   Section        0  stm32f1xx_hal_timebase_tim.o(i.HAL_InitTick)
    i.HAL_MspInit                            0x080016f0   Section        0  stm32f1xx_hal_msp.o(i.HAL_MspInit)
    i.HAL_NVIC_EnableIRQ                     0x08001738   Section        0  stm32f1xx_hal_cortex.o(i.HAL_NVIC_EnableIRQ)
    i.HAL_NVIC_SetPriority                   0x08001754   Section        0  stm32f1xx_hal_cortex.o(i.HAL_NVIC_SetPriority)
    i.HAL_NVIC_SetPriorityGrouping           0x08001794   Section        0  stm32f1xx_hal_cortex.o(i.HAL_NVIC_SetPriorityGrouping)
    i.HAL_RCC_ClockConfig                    0x080017b8   Section        0  stm32f1xx_hal_rcc.o(i.HAL_RCC_ClockConfig)
    i.HAL_RCC_GetClockConfig                 0x080018e4   Section        0  stm32f1xx_hal_rcc.o(i.HAL_RCC_GetClockConfig)
    i.HAL_RCC_GetPCLK1Freq                   0x08001924   Section        0  stm32f1xx_hal_rcc.o(i.HAL_RCC_GetPCLK1Freq)
    i.HAL_RCC_GetPCLK2Freq                   0x08001944   Section        0  stm32f1xx_hal_rcc.o(i.HAL_RCC_GetPCLK2Freq)
    i.HAL_RCC_GetSysClockFreq                0x08001964   Section        0  stm32f1xx_hal_rcc.o(i.HAL_RCC_GetSysClockFreq)
    i.HAL_RCC_OscConfig                      0x080019d0   Section        0  stm32f1xx_hal_rcc.o(i.HAL_RCC_OscConfig)
    i.HAL_TIMEx_BreakCallback                0x08001cf0   Section        0  stm32f1xx_hal_tim_ex.o(i.HAL_TIMEx_BreakCallback)
    i.HAL_TIMEx_CommutCallback               0x08001cf2   Section        0  stm32f1xx_hal_tim_ex.o(i.HAL_TIMEx_CommutCallback)
    i.HAL_TIM_Base_Init                      0x08001cf4   Section        0  stm32f1xx_hal_tim.o(i.HAL_TIM_Base_Init)
    i.HAL_TIM_Base_MspInit                   0x08001d2a   Section        0  stm32f1xx_hal_tim.o(i.HAL_TIM_Base_MspInit)
    i.HAL_TIM_Base_Start_IT                  0x08001d2c   Section        0  stm32f1xx_hal_tim.o(i.HAL_TIM_Base_Start_IT)
    i.HAL_TIM_IC_CaptureCallback             0x08001d4e   Section        0  stm32f1xx_hal_tim.o(i.HAL_TIM_IC_CaptureCallback)
    i.HAL_TIM_IRQHandler                     0x08001d50   Section        0  stm32f1xx_hal_tim.o(i.HAL_TIM_IRQHandler)
    i.HAL_TIM_OC_DelayElapsedCallback        0x08001eb6   Section        0  stm32f1xx_hal_tim.o(i.HAL_TIM_OC_DelayElapsedCallback)
    i.HAL_TIM_PWM_PulseFinishedCallback      0x08001eb8   Section        0  stm32f1xx_hal_tim.o(i.HAL_TIM_PWM_PulseFinishedCallback)
    i.HAL_TIM_PeriodElapsedCallback          0x08001ebc   Section        0  main.o(i.HAL_TIM_PeriodElapsedCallback)
    i.HAL_TIM_TriggerCallback                0x08001ed0   Section        0  stm32f1xx_hal_tim.o(i.HAL_TIM_TriggerCallback)
    i.HAL_UART_DMAStop                       0x08001ed2   Section        0  stm32f1xx_hal_uart.o(i.HAL_UART_DMAStop)
    i.HAL_UART_ErrorCallback                 0x08001f2a   Section        0  stm32f1xx_hal_uart.o(i.HAL_UART_ErrorCallback)
    i.HAL_UART_IRQHandler                    0x08001f2c   Section        0  stm32f1xx_hal_uart.o(i.HAL_UART_IRQHandler)
    i.HAL_UART_Init                          0x0800203c   Section        0  stm32f1xx_hal_uart.o(i.HAL_UART_Init)
    i.HAL_UART_MspInit                       0x080020a0   Section        0  usart.o(i.HAL_UART_MspInit)
    i.HAL_UART_Receive_DMA                   0x08002178   Section        0  stm32f1xx_hal_uart.o(i.HAL_UART_Receive_DMA)
    i.HAL_UART_RxCpltCallback                0x08002210   Section        0  stm32f1xx_hal_uart.o(i.HAL_UART_RxCpltCallback)
    i.HAL_UART_RxHalfCpltCallback            0x08002212   Section        0  stm32f1xx_hal_uart.o(i.HAL_UART_RxHalfCpltCallback)
    i.HAL_UART_Transmit_IT                   0x08002214   Section        0  stm32f1xx_hal_uart.o(i.HAL_UART_Transmit_IT)
    i.HAL_UART_TxCpltCallback                0x08002252   Section        0  stm32f1xx_hal_uart.o(i.HAL_UART_TxCpltCallback)
    i.HardFault_Handler                      0x08002254   Section        0  stm32f1xx_it.o(i.HardFault_Handler)
    i.ITM_SendChar                           0x08002258   Section        0  retarget_io.o(i.ITM_SendChar)
    i.MX_DMA_Init                            0x0800227c   Section        0  dma.o(i.MX_DMA_Init)
    i.MX_FREERTOS_Init                       0x080022b8   Section        0  freertos.o(i.MX_FREERTOS_Init)
    i.MX_GPIO_Init                           0x080022f4   Section        0  gpio.o(i.MX_GPIO_Init)
    i.MX_USART1_UART_Init                    0x08002374   Section        0  usart.o(i.MX_USART1_UART_Init)
    i.MemManage_Handler                      0x080023ac   Section        0  stm32f1xx_it.o(i.MemManage_Handler)
    i.NMI_Handler                            0x080023ae   Section        0  stm32f1xx_it.o(i.NMI_Handler)
    i.StartDefaultTask                       0x080023b0   Section        0  freertos.o(i.StartDefaultTask)
    i.StartTask02                            0x0800243c   Section        0  freertos.o(i.StartTask02)
    i.SysTick_Handler                        0x08002470   Section        0  port.o(i.SysTick_Handler)
    i.SystemClock_Config                     0x0800249c   Section        0  main.o(i.SystemClock_Config)
    i.SystemInit                             0x080024ec   Section        0  system_stm32f1xx.o(i.SystemInit)
    i.TIM1_UP_IRQHandler                     0x08002534   Section        0  stm32f1xx_it.o(i.TIM1_UP_IRQHandler)
    i.TIM_Base_SetConfig                     0x08002540   Section        0  stm32f1xx_hal_tim.o(i.TIM_Base_SetConfig)
    i.UART_DMAAbortOnError                   0x080025ac   Section        0  stm32f1xx_hal_uart.o(i.UART_DMAAbortOnError)
    UART_DMAAbortOnError                     0x080025ad   Thumb Code    16  stm32f1xx_hal_uart.o(i.UART_DMAAbortOnError)
    i.UART_DMAError                          0x080025bc   Section        0  stm32f1xx_hal_uart.o(i.UART_DMAError)
    UART_DMAError                            0x080025bd   Thumb Code    74  stm32f1xx_hal_uart.o(i.UART_DMAError)
    i.UART_DMAReceiveCplt                    0x08002606   Section        0  stm32f1xx_hal_uart.o(i.UART_DMAReceiveCplt)
    UART_DMAReceiveCplt                      0x08002607   Thumb Code    60  stm32f1xx_hal_uart.o(i.UART_DMAReceiveCplt)
    i.UART_DMARxHalfCplt                     0x08002642   Section        0  stm32f1xx_hal_uart.o(i.UART_DMARxHalfCplt)
    UART_DMARxHalfCplt                       0x08002643   Thumb Code    10  stm32f1xx_hal_uart.o(i.UART_DMARxHalfCplt)
    i.UART_EndRxTransfer                     0x0800264c   Section        0  stm32f1xx_hal_uart.o(i.UART_EndRxTransfer)
    UART_EndRxTransfer                       0x0800264d   Thumb Code    28  stm32f1xx_hal_uart.o(i.UART_EndRxTransfer)
    i.UART_EndTxTransfer                     0x08002668   Section        0  stm32f1xx_hal_uart.o(i.UART_EndTxTransfer)
    UART_EndTxTransfer                       0x08002669   Thumb Code    18  stm32f1xx_hal_uart.o(i.UART_EndTxTransfer)
    i.UART_Receive_IT                        0x0800267a   Section        0  stm32f1xx_hal_uart.o(i.UART_Receive_IT)
    UART_Receive_IT                          0x0800267b   Thumb Code   150  stm32f1xx_hal_uart.o(i.UART_Receive_IT)
    i.UART_SetConfig                         0x08002710   Section        0  stm32f1xx_hal_uart.o(i.UART_SetConfig)
    UART_SetConfig                           0x08002711   Thumb Code   178  stm32f1xx_hal_uart.o(i.UART_SetConfig)
    i.UART_Transmit_IT                       0x080027c8   Section        0  stm32f1xx_hal_uart.o(i.UART_Transmit_IT)
    UART_Transmit_IT                         0x080027c9   Thumb Code    98  stm32f1xx_hal_uart.o(i.UART_Transmit_IT)
    i.USART1_IRQHandler                      0x0800282c   Section        0  stm32f1xx_it.o(i.USART1_IRQHandler)
    i.UsageFault_Handler                     0x08002838   Section        0  stm32f1xx_it.o(i.UsageFault_Handler)
    i.__0printf$3                            0x0800283c   Section        0  printf3.o(i.__0printf$3)
    i.__0sprintf$3                           0x0800285c   Section        0  printf3.o(i.__0sprintf$3)
    i.__NVIC_SetPriority                     0x08002884   Section        0  stm32f1xx_hal_cortex.o(i.__NVIC_SetPriority)
    __NVIC_SetPriority                       0x08002885   Thumb Code    32  stm32f1xx_hal_cortex.o(i.__NVIC_SetPriority)
    i.__aeabi_errno_addr                     0x080028a4   Section        0  errno.o(i.__aeabi_errno_addr)
    i.__scatterload_copy                     0x080028ac   Section       14  handlers.o(i.__scatterload_copy)
    i.__scatterload_null                     0x080028ba   Section        2  handlers.o(i.__scatterload_null)
    i.__scatterload_zeroinit                 0x080028bc   Section       14  handlers.o(i.__scatterload_zeroinit)
    i._printf_core                           0x080028cc   Section        0  printf3.o(i._printf_core)
    _printf_core                             0x080028cd   Thumb Code   436  printf3.o(i._printf_core)
    i._sputc                                 0x08002a84   Section        0  printf3.o(i._sputc)
    _sputc                                   0x08002a85   Thumb Code    10  printf3.o(i._sputc)
    i.fputc                                  0x08002a90   Section        0  retarget_io.o(i.fputc)
    i.main                                   0x08002ab0   Section        0  main.o(i.main)
    i.makeFreeRtosPriority                   0x08002aec   Section        0  cmsis_os.o(i.makeFreeRtosPriority)
    makeFreeRtosPriority                     0x08002aed   Thumb Code    12  cmsis_os.o(i.makeFreeRtosPriority)
    i.osDelay                                0x08002af8   Section        0  cmsis_os.o(i.osDelay)
    i.osKernelStart                          0x08002b06   Section        0  cmsis_os.o(i.osKernelStart)
    i.osThreadCreate                         0x08002b10   Section        0  cmsis_os.o(i.osThreadCreate)
    i.prvAddCurrentTaskToDelayedList         0x08002b64   Section        0  tasks.o(i.prvAddCurrentTaskToDelayedList)
    prvAddCurrentTaskToDelayedList           0x08002b65   Thumb Code   102  tasks.o(i.prvAddCurrentTaskToDelayedList)
    i.prvAddNewTaskToReadyList               0x08002bd4   Section        0  tasks.o(i.prvAddNewTaskToReadyList)
    prvAddNewTaskToReadyList                 0x08002bd5   Thumb Code   194  tasks.o(i.prvAddNewTaskToReadyList)
    i.prvDeleteTCB                           0x08002ca4   Section        0  tasks.o(i.prvDeleteTCB)
    prvDeleteTCB                             0x08002ca5   Thumb Code    52  tasks.o(i.prvDeleteTCB)
    i.prvHeapInit                            0x08002cd8   Section        0  heap_4.o(i.prvHeapInit)
    prvHeapInit                              0x08002cd9   Thumb Code    66  heap_4.o(i.prvHeapInit)
    i.prvIdleTask                            0x08002d24   Section        0  tasks.o(i.prvIdleTask)
    prvIdleTask                              0x08002d25   Thumb Code    82  tasks.o(i.prvIdleTask)
    i.prvInitialiseNewTask                   0x08002d84   Section        0  tasks.o(i.prvInitialiseNewTask)
    prvInitialiseNewTask                     0x08002d85   Thumb Code   142  tasks.o(i.prvInitialiseNewTask)
    i.prvInsertBlockIntoFreeList             0x08002e14   Section        0  heap_4.o(i.prvInsertBlockIntoFreeList)
    prvInsertBlockIntoFreeList               0x08002e15   Thumb Code    72  heap_4.o(i.prvInsertBlockIntoFreeList)
    i.prvResetNextTaskUnblockTime            0x08002e60   Section        0  tasks.o(i.prvResetNextTaskUnblockTime)
    prvResetNextTaskUnblockTime              0x08002e61   Thumb Code    26  tasks.o(i.prvResetNextTaskUnblockTime)
    i.prvTaskExitError                       0x08002e80   Section        0  port.o(i.prvTaskExitError)
    prvTaskExitError                         0x08002e81   Thumb Code    36  port.o(i.prvTaskExitError)
    i.pvPortMalloc                           0x08002ea8   Section        0  heap_4.o(i.pvPortMalloc)
    i.pxPortInitialiseStack                  0x08002f80   Section        0  port.o(i.pxPortInitialiseStack)
    i.uxListRemove                           0x08002fa4   Section        0  list.o(i.uxListRemove)
    i.vApplicationGetIdleTaskMemory          0x08002fcc   Section        0  freertos.o(i.vApplicationGetIdleTaskMemory)
    i.vListInitialise                        0x08002fe0   Section        0  list.o(i.vListInitialise)
    i.vListInitialiseItem                    0x08002ff6   Section        0  list.o(i.vListInitialiseItem)
    i.vListInsert                            0x08002ffc   Section        0  list.o(i.vListInsert)
    i.vListInsertEnd                         0x0800302c   Section        0  list.o(i.vListInsertEnd)
    i.vPortEnterCritical                     0x08003044   Section        0  port.o(i.vPortEnterCritical)
    i.vPortExitCritical                      0x08003084   Section        0  port.o(i.vPortExitCritical)
    i.vPortFree                              0x080030ac   Section        0  heap_4.o(i.vPortFree)
    i.vPortSetupTimerInterrupt               0x08003108   Section        0  port.o(i.vPortSetupTimerInterrupt)
    i.vTaskDelay                             0x0800312c   Section        0  tasks.o(i.vTaskDelay)
    i.vTaskStartScheduler                    0x08003178   Section        0  tasks.o(i.vTaskStartScheduler)
    i.vTaskSuspendAll                        0x080031e4   Section        0  tasks.o(i.vTaskSuspendAll)
    i.vTaskSwitchContext                     0x080031f4   Section        0  tasks.o(i.vTaskSwitchContext)
    i.xPortStartScheduler                    0x08003250   Section        0  port.o(i.xPortStartScheduler)
    i.xTaskCreate                            0x080032f8   Section        0  tasks.o(i.xTaskCreate)
    i.xTaskCreateStatic                      0x08003352   Section        0  tasks.o(i.xTaskCreateStatic)
    i.xTaskIncrementTick                     0x080033a8   Section        0  tasks.o(i.xTaskIncrementTick)
    i.xTaskResumeAll                         0x08003470   Section        0  tasks.o(i.xTaskResumeAll)
    .constdata                               0x08003534   Section       56  freertos.o(.constdata)
    .constdata                               0x0800356c   Section       16  system_stm32f1xx.o(.constdata)
    .constdata                               0x0800357c   Section        8  system_stm32f1xx.o(.constdata)
    .constdata                               0x08003584   Section      129  ctype_o.o(.constdata)
    .constdata                               0x08003608   Section        4  ctype_o.o(.constdata)
    table                                    0x08003608   Data           4  ctype_o.o(.constdata)
    .conststring                             0x0800360c   Section       24  freertos.o(.conststring)
    .data                                    0x20000000   Section       16  sim808.o(.data)
    .data                                    0x20000010   Section        8  freertos.o(.data)
    .data                                    0x20000018   Section        4  system_stm32f1xx.o(.data)
    .data                                    0x2000001c   Section       12  stm32f1xx_hal.o(.data)
    .data                                    0x20000028   Section       60  tasks.o(.data)
    pxDelayedTaskList                        0x2000002c   Data           4  tasks.o(.data)
    pxOverflowDelayedTaskList                0x20000030   Data           4  tasks.o(.data)
    uxDeletedTasksWaitingCleanUp             0x20000034   Data           4  tasks.o(.data)
    uxCurrentNumberOfTasks                   0x20000038   Data           4  tasks.o(.data)
    xTickCount                               0x2000003c   Data           4  tasks.o(.data)
    uxTopReadyPriority                       0x20000040   Data           4  tasks.o(.data)
    xSchedulerRunning                        0x20000044   Data           4  tasks.o(.data)
    uxPendedTicks                            0x20000048   Data           4  tasks.o(.data)
    xYieldPending                            0x2000004c   Data           4  tasks.o(.data)
    xNumOfOverflows                          0x20000050   Data           4  tasks.o(.data)
    uxTaskNumber                             0x20000054   Data           4  tasks.o(.data)
    xNextTaskUnblockTime                     0x20000058   Data           4  tasks.o(.data)
    xIdleTaskHandle                          0x2000005c   Data           4  tasks.o(.data)
    uxSchedulerSuspended                     0x20000060   Data           4  tasks.o(.data)
    .data                                    0x20000064   Section       24  heap_4.o(.data)
    pxEnd                                    0x20000064   Data           4  heap_4.o(.data)
    xFreeBytesRemaining                      0x20000068   Data           4  heap_4.o(.data)
    xMinimumEverFreeBytesRemaining           0x2000006c   Data           4  heap_4.o(.data)
    xBlockAllocatedBit                       0x20000070   Data           4  heap_4.o(.data)
    xStart                                   0x20000074   Data           8  heap_4.o(.data)
    .data                                    0x2000007c   Section       12  port.o(.data)
    ucMaxSysCallPriority                     0x2000007c   Data           1  port.o(.data)
    uxCriticalNesting                        0x20000080   Data           4  port.o(.data)
    ulMaxPRIGROUPValue                       0x20000084   Data           4  port.o(.data)
    .data                                    0x20000088   Section        4  stdout.o(.data)
    .data                                    0x2000008c   Section        4  stderr.o(.data)
    .data                                    0x20000090   Section        4  errno.o(.data)
    _errno                                   0x20000090   Data           4  errno.o(.data)
    .bss                                     0x20000094   Section     2219  sim808.o(.bss)
    .bss                                     0x20000940   Section      596  freertos.o(.bss)
    xIdleTaskTCBBuffer                       0x20000940   Data          84  freertos.o(.bss)
    xIdleStack                               0x20000994   Data         512  freertos.o(.bss)
    .bss                                     0x20000b94   Section      200  usart.o(.bss)
    .bss                                     0x20000c5c   Section       64  stm32f1xx_hal_timebase_tim.o(.bss)
    .bss                                     0x20000c9c   Section      240  tasks.o(.bss)
    pxReadyTasksLists                        0x20000c9c   Data         140  tasks.o(.bss)
    xDelayedTaskList1                        0x20000d28   Data          20  tasks.o(.bss)
    xDelayedTaskList2                        0x20000d3c   Data          20  tasks.o(.bss)
    xPendingReadyList                        0x20000d50   Data          20  tasks.o(.bss)
    xTasksWaitingTermination                 0x20000d64   Data          20  tasks.o(.bss)
    xSuspendedTaskList                       0x20000d78   Data          20  tasks.o(.bss)
    .bss                                     0x20000d8c   Section     3072  heap_4.o(.bss)
    ucHeap                                   0x20000d8c   Data        3072  heap_4.o(.bss)
    STACK                                    0x20001990   Section     1024  startup_stm32f103xb.o(STACK)

    Global Symbols

    Symbol Name                              Value     Ov Type        Size  Object(Section)

    BuildAttributes$$THM_ISAv4$P$D$K$B$S$PE$A:L22UL41UL21$X:L11$S22US41US21$IEEE1$IW$USESV6$~STKCKD$USESV7$~SHL$OSPACE$ROPI$EBA8$MICROLIB$REQ8$PRES8$EABIv2 0x00000000   Number         0  anon$$obj.o ABSOLUTE
    __ARM_use_no_argv                        0x00000000   Number         0  main.o ABSOLUTE
    _printf_a                                0x00000000   Number         0  stubs.o ABSOLUTE
    _printf_c                                0x00000000   Number         0  stubs.o ABSOLUTE
    _printf_charcount                        0x00000000   Number         0  stubs.o ABSOLUTE
    _printf_d                                0x00000000   Number         0  stubs.o ABSOLUTE
    _printf_e                                0x00000000   Number         0  stubs.o ABSOLUTE
    _printf_f                                0x00000000   Number         0  stubs.o ABSOLUTE
    _printf_flags                            0x00000000   Number         0  stubs.o ABSOLUTE
    _printf_fp_dec                           0x00000000   Number         0  stubs.o ABSOLUTE
    _printf_fp_hex                           0x00000000   Number         0  stubs.o ABSOLUTE
    _printf_g                                0x00000000   Number         0  stubs.o ABSOLUTE
    _printf_i                                0x00000000   Number         0  stubs.o ABSOLUTE
    _printf_int_dec                          0x00000000   Number         0  stubs.o ABSOLUTE
    _printf_l                                0x00000000   Number         0  stubs.o ABSOLUTE
    _printf_lc                               0x00000000   Number         0  stubs.o ABSOLUTE
    _printf_ll                               0x00000000   Number         0  stubs.o ABSOLUTE
    _printf_lld                              0x00000000   Number         0  stubs.o ABSOLUTE
    _printf_lli                              0x00000000   Number         0  stubs.o ABSOLUTE
    _printf_llo                              0x00000000   Number         0  stubs.o ABSOLUTE
    _printf_llu                              0x00000000   Number         0  stubs.o ABSOLUTE
    _printf_llx                              0x00000000   Number         0  stubs.o ABSOLUTE
    _printf_longlong_dec                     0x00000000   Number         0  stubs.o ABSOLUTE
    _printf_longlong_hex                     0x00000000   Number         0  stubs.o ABSOLUTE
    _printf_longlong_oct                     0x00000000   Number         0  stubs.o ABSOLUTE
    _printf_ls                               0x00000000   Number         0  stubs.o ABSOLUTE
    _printf_mbtowc                           0x00000000   Number         0  stubs.o ABSOLUTE
    _printf_n                                0x00000000   Number         0  stubs.o ABSOLUTE
    _printf_o                                0x00000000   Number         0  stubs.o ABSOLUTE
    _printf_p                                0x00000000   Number         0  stubs.o ABSOLUTE
    _printf_percent                          0x00000000   Number         0  stubs.o ABSOLUTE
    _printf_pre_padding                      0x00000000   Number         0  stubs.o ABSOLUTE
    _printf_return_value                     0x00000000   Number         0  stubs.o ABSOLUTE
    _printf_s                                0x00000000   Number         0  stubs.o ABSOLUTE
    _printf_sizespec                         0x00000000   Number         0  stubs.o ABSOLUTE
    _printf_str                              0x00000000   Number         0  stubs.o ABSOLUTE
    _printf_truncate_signed                  0x00000000   Number         0  stubs.o ABSOLUTE
    _printf_truncate_unsigned                0x00000000   Number         0  stubs.o ABSOLUTE
    _printf_u                                0x00000000   Number         0  stubs.o ABSOLUTE
    _printf_wc                               0x00000000   Number         0  stubs.o ABSOLUTE
    _printf_wctomb                           0x00000000   Number         0  stubs.o ABSOLUTE
    _printf_widthprec                        0x00000000   Number         0  stubs.o ABSOLUTE
    _printf_x                                0x00000000   Number         0  stubs.o ABSOLUTE
    __cpp_initialize__aeabi_                  - Undefined Weak Reference
    __cxa_finalize                            - Undefined Weak Reference
    __decompress                              - Undefined Weak Reference
    _clock_init                               - Undefined Weak Reference
    _microlib_exit                            - Undefined Weak Reference
    _scanf_longlong                           - Undefined Weak Reference
    _scanf_real                               - Undefined Weak Reference
    __Vectors_Size                           0x000000ec   Number         0  startup_stm32f103xb.o ABSOLUTE
    __Vectors                                0x08000000   Data           4  startup_stm32f103xb.o(RESET)
    __Vectors_End                            0x080000ec   Data           0  startup_stm32f103xb.o(RESET)
    __main                                   0x080000ed   Thumb Code     0  entry.o(.ARM.Collect$$$$00000000)
    _main_stk                                0x080000ed   Thumb Code     0  entry2.o(.ARM.Collect$$$$00000001)
    _main_scatterload                        0x080000f1   Thumb Code     0  entry5.o(.ARM.Collect$$$$00000004)
    __main_after_scatterload                 0x080000f5   Thumb Code     0  entry5.o(.ARM.Collect$$$$00000004)
    _main_clock                              0x080000f5   Thumb Code     0  entry7b.o(.ARM.Collect$$$$00000008)
    _main_cpp_init                           0x080000f5   Thumb Code     0  entry8b.o(.ARM.Collect$$$$0000000A)
    _main_init                               0x080000f5   Thumb Code     0  entry9a.o(.ARM.Collect$$$$0000000B)
    __rt_final_cpp                           0x080000fd   Thumb Code     0  entry10a.o(.ARM.Collect$$$$0000000D)
    __rt_final_exit                          0x080000fd   Thumb Code     0  entry11a.o(.ARM.Collect$$$$0000000F)
    SVC_Handler                              0x08000101   Thumb Code    32  port.o(.emb_text)
    __asm___6_port_c_39a90d8d__prvStartFirstTask 0x08000125   Thumb Code    28  port.o(.emb_text)
    PendSV_Handler                           0x08000145   Thumb Code    72  port.o(.emb_text)
    vPortGetIPSR                             0x08000191   Thumb Code     6  port.o(.emb_text)
    Reset_Handler                            0x08000199   Thumb Code     8  startup_stm32f103xb.o(.text)
    ADC1_2_IRQHandler                        0x080001b3   Thumb Code     0  startup_stm32f103xb.o(.text)
    CAN1_RX1_IRQHandler                      0x080001b3   Thumb Code     0  startup_stm32f103xb.o(.text)
    CAN1_SCE_IRQHandler                      0x080001b3   Thumb Code     0  startup_stm32f103xb.o(.text)
    DMA1_Channel1_IRQHandler                 0x080001b3   Thumb Code     0  startup_stm32f103xb.o(.text)
    DMA1_Channel2_IRQHandler                 0x080001b3   Thumb Code     0  startup_stm32f103xb.o(.text)
    DMA1_Channel3_IRQHandler                 0x080001b3   Thumb Code     0  startup_stm32f103xb.o(.text)
    DMA1_Channel6_IRQHandler                 0x080001b3   Thumb Code     0  startup_stm32f103xb.o(.text)
    DMA1_Channel7_IRQHandler                 0x080001b3   Thumb Code     0  startup_stm32f103xb.o(.text)
    EXTI0_IRQHandler                         0x080001b3   Thumb Code     0  startup_stm32f103xb.o(.text)
    EXTI15_10_IRQHandler                     0x080001b3   Thumb Code     0  startup_stm32f103xb.o(.text)
    EXTI1_IRQHandler                         0x080001b3   Thumb Code     0  startup_stm32f103xb.o(.text)
    EXTI2_IRQHandler                         0x080001b3   Thumb Code     0  startup_stm32f103xb.o(.text)
    EXTI3_IRQHandler                         0x080001b3   Thumb Code     0  startup_stm32f103xb.o(.text)
    EXTI4_IRQHandler                         0x080001b3   Thumb Code     0  startup_stm32f103xb.o(.text)
    EXTI9_5_IRQHandler                       0x080001b3   Thumb Code     0  startup_stm32f103xb.o(.text)
    FLASH_IRQHandler                         0x080001b3   Thumb Code     0  startup_stm32f103xb.o(.text)
    I2C1_ER_IRQHandler                       0x080001b3   Thumb Code     0  startup_stm32f103xb.o(.text)
    I2C1_EV_IRQHandler                       0x080001b3   Thumb Code     0  startup_stm32f103xb.o(.text)
    I2C2_ER_IRQHandler                       0x080001b3   Thumb Code     0  startup_stm32f103xb.o(.text)
    I2C2_EV_IRQHandler                       0x080001b3   Thumb Code     0  startup_stm32f103xb.o(.text)
    PVD_IRQHandler                           0x080001b3   Thumb Code     0  startup_stm32f103xb.o(.text)
    RCC_IRQHandler                           0x080001b3   Thumb Code     0  startup_stm32f103xb.o(.text)
    RTC_Alarm_IRQHandler                     0x080001b3   Thumb Code     0  startup_stm32f103xb.o(.text)
    RTC_IRQHandler                           0x080001b3   Thumb Code     0  startup_stm32f103xb.o(.text)
    SPI1_IRQHandler                          0x080001b3   Thumb Code     0  startup_stm32f103xb.o(.text)
    SPI2_IRQHandler                          0x080001b3   Thumb Code     0  startup_stm32f103xb.o(.text)
    TAMPER_IRQHandler                        0x080001b3   Thumb Code     0  startup_stm32f103xb.o(.text)
    TIM1_BRK_IRQHandler                      0x080001b3   Thumb Code     0  startup_stm32f103xb.o(.text)
    TIM1_CC_IRQHandler                       0x080001b3   Thumb Code     0  startup_stm32f103xb.o(.text)
    TIM1_TRG_COM_IRQHandler                  0x080001b3   Thumb Code     0  startup_stm32f103xb.o(.text)
    TIM2_IRQHandler                          0x080001b3   Thumb Code     0  startup_stm32f103xb.o(.text)
    TIM3_IRQHandler                          0x080001b3   Thumb Code     0  startup_stm32f103xb.o(.text)
    TIM4_IRQHandler                          0x080001b3   Thumb Code     0  startup_stm32f103xb.o(.text)
    USART2_IRQHandler                        0x080001b3   Thumb Code     0  startup_stm32f103xb.o(.text)
    USART3_IRQHandler                        0x080001b3   Thumb Code     0  startup_stm32f103xb.o(.text)
    USBWakeUp_IRQHandler                     0x080001b3   Thumb Code     0  startup_stm32f103xb.o(.text)
    USB_HP_CAN1_TX_IRQHandler                0x080001b3   Thumb Code     0  startup_stm32f103xb.o(.text)
    USB_LP_CAN1_RX0_IRQHandler               0x080001b3   Thumb Code     0  startup_stm32f103xb.o(.text)
    WWDG_IRQHandler                          0x080001b3   Thumb Code     0  startup_stm32f103xb.o(.text)
    __aeabi_memcpy                           0x080001bd   Thumb Code    36  memcpya.o(.text)
    __aeabi_memcpy4                          0x080001bd   Thumb Code     0  memcpya.o(.text)
    __aeabi_memcpy8                          0x080001bd   Thumb Code     0  memcpya.o(.text)
    __aeabi_memset                           0x080001e1   Thumb Code    14  memseta.o(.text)
    __aeabi_memset4                          0x080001e1   Thumb Code     0  memseta.o(.text)
    __aeabi_memset8                          0x080001e1   Thumb Code     0  memseta.o(.text)
    __aeabi_memclr                           0x080001ef   Thumb Code     4  memseta.o(.text)
    __aeabi_memclr4                          0x080001ef   Thumb Code     0  memseta.o(.text)
    __aeabi_memclr8                          0x080001ef   Thumb Code     0  memseta.o(.text)
    memset                                   0x080001f3   Thumb Code    18  memseta.o(.text)
    strstr                                   0x08000205   Thumb Code    36  strstr.o(.text)
    __0sscanf                                0x08000229   Thumb Code    48  __0sscanf.o(.text)
    _scanf_int                               0x08000261   Thumb Code   332  _scanf_int.o(.text)
    _scanf_string                            0x080003ad   Thumb Code   224  _scanf_str.o(.text)
    atoi                                     0x0800048d   Thumb Code    26  atoi.o(.text)
    __aeabi_uidiv                            0x080004a7   Thumb Code     0  uidiv.o(.text)
    __aeabi_uidivmod                         0x080004a7   Thumb Code    44  uidiv.o(.text)
    _chval                                   0x080004d3   Thumb Code    28  _chval.o(.text)
    __vfscanf_char                           0x080004fd   Thumb Code    20  scanf_char.o(.text)
    _sgetc                                   0x08000519   Thumb Code    30  _sgetc.o(.text)
    _sbackspace                              0x08000537   Thumb Code    34  _sgetc.o(.text)
    strtol                                   0x08000559   Thumb Code   112  strtol.o(.text)
    __scatterload                            0x080005c9   Thumb Code    28  init.o(.text)
    __scatterload_rt2                        0x080005c9   Thumb Code     0  init.o(.text)
    __rt_ctype_table                         0x080005ed   Thumb Code     4  ctype_o.o(.text)
    isspace                                  0x080005f5   Thumb Code    18  isspace_o.o(.text)
    __vfscanf                                0x08000609   Thumb Code   808  _scanf.o(.text)
    _strtoul                                 0x08000935   Thumb Code   158  _strtoul.o(.text)
    BusFault_Handler                         0x080009d3   Thumb Code     2  stm32f1xx_it.o(i.BusFault_Handler)
    DMA1_Channel4_IRQHandler                 0x080009d5   Thumb Code     6  stm32f1xx_it.o(i.DMA1_Channel4_IRQHandler)
    DMA1_Channel5_IRQHandler                 0x080009e1   Thumb Code     6  stm32f1xx_it.o(i.DMA1_Channel5_IRQHandler)
    DebugMon_Handler                         0x08000a17   Thumb Code     2  stm32f1xx_it.o(i.DebugMon_Handler)
    Error_Handler                            0x08000a19   Thumb Code     2  main.o(i.Error_Handler)
    GSM_SMS                                  0x08000a1d   Thumb Code   134  sim808.o(i.GSM_SMS)
    GSM_SMS_read                             0x08000ae1   Thumb Code   116  sim808.o(i.GSM_SMS_read)
    GSM_callback                             0x08000bbd   Thumb Code   254  sim808.o(i.GSM_callback)
    GSM_clear_buff                           0x08000da5   Thumb Code    16  sim808.o(i.GSM_clear_buff)
    GSM_get_rsp                              0x08000db9   Thumb Code    76  sim808.o(i.GSM_get_rsp)
    GSM_init                                 0x08000e39   Thumb Code   212  sim808.o(i.GSM_init)
    GSM_restart_recive                       0x08001051   Thumb Code    20  sim808.o(i.GSM_restart_recive)
    GSM_ring                                 0x08001069   Thumb Code    38  sim808.o(i.GSM_ring)
    GSM_send_atcommand                       0x080010bd   Thumb Code    42  sim808.o(i.GSM_send_atcommand)
    GSM_start_recive                         0x080010ed   Thumb Code    18  sim808.o(i.GSM_start_recive)
    GSM_test_connection                      0x08001109   Thumb Code    30  sim808.o(i.GSM_test_connection)
    HAL_DMA_Abort                            0x08001145   Thumb Code    70  stm32f1xx_hal_dma.o(i.HAL_DMA_Abort)
    HAL_DMA_Abort_IT                         0x0800118d   Thumb Code   148  stm32f1xx_hal_dma.o(i.HAL_DMA_Abort_IT)
    HAL_DMA_IRQHandler                       0x08001225   Thumb Code   316  stm32f1xx_hal_dma.o(i.HAL_DMA_IRQHandler)
    HAL_DMA_Init                             0x08001379   Thumb Code    84  stm32f1xx_hal_dma.o(i.HAL_DMA_Init)
    HAL_DMA_Start_IT                         0x080013d5   Thumb Code   112  stm32f1xx_hal_dma.o(i.HAL_DMA_Start_IT)
    HAL_GPIO_Init                            0x08001445   Thumb Code   446  stm32f1xx_hal_gpio.o(i.HAL_GPIO_Init)
    HAL_GPIO_TogglePin                       0x08001625   Thumb Code    14  stm32f1xx_hal_gpio.o(i.HAL_GPIO_TogglePin)
    HAL_GPIO_WritePin                        0x08001633   Thumb Code    10  stm32f1xx_hal_gpio.o(i.HAL_GPIO_WritePin)
    HAL_GetTick                              0x0800163d   Thumb Code     6  stm32f1xx_hal.o(i.HAL_GetTick)
    HAL_IncTick                              0x08001649   Thumb Code    12  stm32f1xx_hal.o(i.HAL_IncTick)
    HAL_Init                                 0x08001659   Thumb Code    32  stm32f1xx_hal.o(i.HAL_Init)
    HAL_InitTick                             0x0800167d   Thumb Code    98  stm32f1xx_hal_timebase_tim.o(i.HAL_InitTick)
    HAL_MspInit                              0x080016f1   Thumb Code    62  stm32f1xx_hal_msp.o(i.HAL_MspInit)
    HAL_NVIC_EnableIRQ                       0x08001739   Thumb Code    26  stm32f1xx_hal_cortex.o(i.HAL_NVIC_EnableIRQ)
    HAL_NVIC_SetPriority                     0x08001755   Thumb Code    60  stm32f1xx_hal_cortex.o(i.HAL_NVIC_SetPriority)
    HAL_NVIC_SetPriorityGrouping             0x08001795   Thumb Code    26  stm32f1xx_hal_cortex.o(i.HAL_NVIC_SetPriorityGrouping)
    HAL_RCC_ClockConfig                      0x080017b9   Thumb Code   280  stm32f1xx_hal_rcc.o(i.HAL_RCC_ClockConfig)
    HAL_RCC_GetClockConfig                   0x080018e5   Thumb Code    54  stm32f1xx_hal_rcc.o(i.HAL_RCC_GetClockConfig)
    HAL_RCC_GetPCLK1Freq                     0x08001925   Thumb Code    20  stm32f1xx_hal_rcc.o(i.HAL_RCC_GetPCLK1Freq)
    HAL_RCC_GetPCLK2Freq                     0x08001945   Thumb Code    20  stm32f1xx_hal_rcc.o(i.HAL_RCC_GetPCLK2Freq)
    HAL_RCC_GetSysClockFreq                  0x08001965   Thumb Code    74  stm32f1xx_hal_rcc.o(i.HAL_RCC_GetSysClockFreq)
    HAL_RCC_OscConfig                        0x080019d1   Thumb Code   778  stm32f1xx_hal_rcc.o(i.HAL_RCC_OscConfig)
    HAL_TIMEx_BreakCallback                  0x08001cf1   Thumb Code     2  stm32f1xx_hal_tim_ex.o(i.HAL_TIMEx_BreakCallback)
    HAL_TIMEx_CommutCallback                 0x08001cf3   Thumb Code     2  stm32f1xx_hal_tim_ex.o(i.HAL_TIMEx_CommutCallback)
    HAL_TIM_Base_Init                        0x08001cf5   Thumb Code    54  stm32f1xx_hal_tim.o(i.HAL_TIM_Base_Init)
    HAL_TIM_Base_MspInit                     0x08001d2b   Thumb Code     2  stm32f1xx_hal_tim.o(i.HAL_TIM_Base_MspInit)
    HAL_TIM_Base_Start_IT                    0x08001d2d   Thumb Code    34  stm32f1xx_hal_tim.o(i.HAL_TIM_Base_Start_IT)
    HAL_TIM_IC_CaptureCallback               0x08001d4f   Thumb Code     2  stm32f1xx_hal_tim.o(i.HAL_TIM_IC_CaptureCallback)
    HAL_TIM_IRQHandler                       0x08001d51   Thumb Code   358  stm32f1xx_hal_tim.o(i.HAL_TIM_IRQHandler)
    HAL_TIM_OC_DelayElapsedCallback          0x08001eb7   Thumb Code     2  stm32f1xx_hal_tim.o(i.HAL_TIM_OC_DelayElapsedCallback)
    HAL_TIM_PWM_PulseFinishedCallback        0x08001eb9   Thumb Code     2  stm32f1xx_hal_tim.o(i.HAL_TIM_PWM_PulseFinishedCallback)
    HAL_TIM_PeriodElapsedCallback            0x08001ebd   Thumb Code    14  main.o(i.HAL_TIM_PeriodElapsedCallback)
    HAL_TIM_TriggerCallback                  0x08001ed1   Thumb Code     2  stm32f1xx_hal_tim.o(i.HAL_TIM_TriggerCallback)
    HAL_UART_DMAStop                         0x08001ed3   Thumb Code    88  stm32f1xx_hal_uart.o(i.HAL_UART_DMAStop)
    HAL_UART_ErrorCallback                   0x08001f2b   Thumb Code     2  stm32f1xx_hal_uart.o(i.HAL_UART_ErrorCallback)
    HAL_UART_IRQHandler                      0x08001f2d   Thumb Code   266  stm32f1xx_hal_uart.o(i.HAL_UART_IRQHandler)
    HAL_UART_Init                            0x0800203d   Thumb Code    98  stm32f1xx_hal_uart.o(i.HAL_UART_Init)
    HAL_UART_MspInit                         0x080020a1   Thumb Code   196  usart.o(i.HAL_UART_MspInit)
    HAL_UART_Receive_DMA                     0x08002179   Thumb Code   138  stm32f1xx_hal_uart.o(i.HAL_UART_Receive_DMA)
    HAL_UART_RxCpltCallback                  0x08002211   Thumb Code     2  stm32f1xx_hal_uart.o(i.HAL_UART_RxCpltCallback)
    HAL_UART_RxHalfCpltCallback              0x08002213   Thumb Code     2  stm32f1xx_hal_uart.o(i.HAL_UART_RxHalfCpltCallback)
    HAL_UART_Transmit_IT                     0x08002215   Thumb Code    62  stm32f1xx_hal_uart.o(i.HAL_UART_Transmit_IT)
    HAL_UART_TxCpltCallback                  0x08002253   Thumb Code     2  stm32f1xx_hal_uart.o(i.HAL_UART_TxCpltCallback)
    HardFault_Handler                        0x08002255   Thumb Code     2  stm32f1xx_it.o(i.HardFault_Handler)
    ITM_SendChar                             0x08002259   Thumb Code    32  retarget_io.o(i.ITM_SendChar)
    MX_DMA_Init                              0x0800227d   Thumb Code    56  dma.o(i.MX_DMA_Init)
    MX_FREERTOS_Init                         0x080022b9   Thumb Code    52  freertos.o(i.MX_FREERTOS_Init)
    MX_GPIO_Init                             0x080022f5   Thumb Code   120  gpio.o(i.MX_GPIO_Init)
    MX_USART1_UART_Init                      0x08002375   Thumb Code    48  usart.o(i.MX_USART1_UART_Init)
    MemManage_Handler                        0x080023ad   Thumb Code     2  stm32f1xx_it.o(i.MemManage_Handler)
    NMI_Handler                              0x080023af   Thumb Code     2  stm32f1xx_it.o(i.NMI_Handler)
    StartDefaultTask                         0x080023b1   Thumb Code    64  freertos.o(i.StartDefaultTask)
    StartTask02                              0x0800243d   Thumb Code    28  freertos.o(i.StartTask02)
    SysTick_Handler                          0x08002471   Thumb Code    38  port.o(i.SysTick_Handler)
    SystemClock_Config                       0x0800249d   Thumb Code    78  main.o(i.SystemClock_Config)
    SystemInit                               0x080024ed   Thumb Code    56  system_stm32f1xx.o(i.SystemInit)
    TIM1_UP_IRQHandler                       0x08002535   Thumb Code     6  stm32f1xx_it.o(i.TIM1_UP_IRQHandler)
    TIM_Base_SetConfig                       0x08002541   Thumb Code    94  stm32f1xx_hal_tim.o(i.TIM_Base_SetConfig)
    USART1_IRQHandler                        0x0800282d   Thumb Code     6  stm32f1xx_it.o(i.USART1_IRQHandler)
    UsageFault_Handler                       0x08002839   Thumb Code     2  stm32f1xx_it.o(i.UsageFault_Handler)
    __0printf$3                              0x0800283d   Thumb Code    22  printf3.o(i.__0printf$3)
    __1printf$3                              0x0800283d   Thumb Code     0  printf3.o(i.__0printf$3)
    __2printf                                0x0800283d   Thumb Code     0  printf3.o(i.__0printf$3)
    __0sprintf$3                             0x0800285d   Thumb Code    34  printf3.o(i.__0sprintf$3)
    __1sprintf$3                             0x0800285d   Thumb Code     0  printf3.o(i.__0sprintf$3)
    __2sprintf                               0x0800285d   Thumb Code     0  printf3.o(i.__0sprintf$3)
    __aeabi_errno_addr                       0x080028a5   Thumb Code     4  errno.o(i.__aeabi_errno_addr)
    __rt_errno_addr                          0x080028a5   Thumb Code     0  errno.o(i.__aeabi_errno_addr)
    __scatterload_copy                       0x080028ad   Thumb Code    14  handlers.o(i.__scatterload_copy)
    __scatterload_null                       0x080028bb   Thumb Code     2  handlers.o(i.__scatterload_null)
    __scatterload_zeroinit                   0x080028bd   Thumb Code    14  handlers.o(i.__scatterload_zeroinit)
    fputc                                    0x08002a91   Thumb Code    22  retarget_io.o(i.fputc)
    main                                     0x08002ab1   Thumb Code    36  main.o(i.main)
    osDelay                                  0x08002af9   Thumb Code    14  cmsis_os.o(i.osDelay)
    osKernelStart                            0x08002b07   Thumb Code    10  cmsis_os.o(i.osKernelStart)
    osThreadCreate                           0x08002b11   Thumb Code    84  cmsis_os.o(i.osThreadCreate)
    pvPortMalloc                             0x08002ea9   Thumb Code   210  heap_4.o(i.pvPortMalloc)
    pxPortInitialiseStack                    0x08002f81   Thumb Code    32  port.o(i.pxPortInitialiseStack)
    uxListRemove                             0x08002fa5   Thumb Code    38  list.o(i.uxListRemove)
    vApplicationGetIdleTaskMemory            0x08002fcd   Thumb Code    16  freertos.o(i.vApplicationGetIdleTaskMemory)
    vListInitialise                          0x08002fe1   Thumb Code    22  list.o(i.vListInitialise)
    vListInitialiseItem                      0x08002ff7   Thumb Code     6  list.o(i.vListInitialiseItem)
    vListInsert                              0x08002ffd   Thumb Code    48  list.o(i.vListInsert)
    vListInsertEnd                           0x0800302d   Thumb Code    24  list.o(i.vListInsertEnd)
    vPortEnterCritical                       0x08003045   Thumb Code    54  port.o(i.vPortEnterCritical)
    vPortExitCritical                        0x08003085   Thumb Code    34  port.o(i.vPortExitCritical)
    vPortFree                                0x080030ad   Thumb Code    88  heap_4.o(i.vPortFree)
    vPortSetupTimerInterrupt                 0x08003109   Thumb Code    32  port.o(i.vPortSetupTimerInterrupt)
    vTaskDelay                               0x0800312d   Thumb Code    66  tasks.o(i.vTaskDelay)
    vTaskStartScheduler                      0x08003179   Thumb Code    90  tasks.o(i.vTaskStartScheduler)
    vTaskSuspendAll                          0x080031e5   Thumb Code    10  tasks.o(i.vTaskSuspendAll)
    vTaskSwitchContext                       0x080031f5   Thumb Code    82  tasks.o(i.vTaskSwitchContext)
    xPortStartScheduler                      0x08003251   Thumb Code   154  port.o(i.xPortStartScheduler)
    xTaskCreate                              0x080032f9   Thumb Code    90  tasks.o(i.xTaskCreate)
    xTaskCreateStatic                        0x08003353   Thumb Code    86  tasks.o(i.xTaskCreateStatic)
    xTaskIncrementTick                       0x080033a9   Thumb Code   192  tasks.o(i.xTaskIncrementTick)
    xTaskResumeAll                           0x08003471   Thumb Code   182  tasks.o(i.xTaskResumeAll)
    AHBPrescTable                            0x0800356c   Data          16  system_stm32f1xx.o(.constdata)
    APBPrescTable                            0x0800357c   Data           8  system_stm32f1xx.o(.constdata)
    __ctype_table                            0x08003584   Data         129  ctype_o.o(.constdata)
    Region$$Table$$Base                      0x08003624   Number         0  anon$$obj.o(Region$$Table)
    Region$$Table$$Limit                     0x08003644   Number         0  anon$$obj.o(Region$$Table)
    flag_RDY                                 0x20000000   Data           1  sim808.o(.data)
    flag_call                                0x20000001   Data           1  sim808.o(.data)
    flag_sms                                 0x20000002   Data           1  sim808.o(.data)
    state_CFUN                               0x20000004   Data           4  sim808.o(.data)
    state_GPRS                               0x20000008   Data           4  sim808.o(.data)
    state_GSM                                0x2000000c   Data           4  sim808.o(.data)
    defaultTaskHandle                        0x20000010   Data           4  freertos.o(.data)
    myTask02Handle                           0x20000014   Data           4  freertos.o(.data)
    SystemCoreClock                          0x20000018   Data           4  system_stm32f1xx.o(.data)
    uwTickFreq                               0x2000001c   Data           1  stm32f1xx_hal.o(.data)
    uwTickPrio                               0x20000020   Data           4  stm32f1xx_hal.o(.data)
    uwTick                                   0x20000024   Data           4  stm32f1xx_hal.o(.data)
    pxCurrentTCB                             0x20000028   Data           4  tasks.o(.data)
    __stdout                                 0x20000088   Data           4  stdout.o(.data)
    __stderr                                 0x2000008c   Data           4  stderr.o(.data)
    SMS_info                                 0x20000094   Data         151  sim808.o(.bss)
    CALL_info                                0x2000012b   Data          20  sim808.o(.bss)
    str_GSM                                  0x2000013f   Data        2048  sim808.o(.bss)
    huart1                                   0x20000b94   Data          64  usart.o(.bss)
    hdma_usart1_tx                           0x20000bd4   Data          68  usart.o(.bss)
    hdma_usart1_rx                           0x20000c18   Data          68  usart.o(.bss)
    htim1                                    0x20000c5c   Data          64  stm32f1xx_hal_timebase_tim.o(.bss)
    __initial_sp                             0x20001d90   Data           0  startup_stm32f103xb.o(STACK)



==============================================================================

Memory Map of the image

  Image Entry point : 0x080000ed

  Load Region LR_IROM1 (Base: 0x08000000, Size: 0x000036d8, Max: 0x00010000, ABSOLUTE)

    Execution Region ER_IROM1 (Exec base: 0x08000000, Load base: 0x08000000, Size: 0x00003644, Max: 0x00010000, ABSOLUTE)

    Exec Addr    Load Addr    Size         Type   Attr      Idx    E Section Name        Object

    0x08000000   0x08000000   0x000000ec   Data   RO            3    RESET               startup_stm32f103xb.o
    0x080000ec   0x080000ec   0x00000000   Code   RO         4224  * .ARM.Collect$$$$00000000  mc_w.l(entry.o)
    0x080000ec   0x080000ec   0x00000004   Code   RO         4515    .ARM.Collect$$$$00000001  mc_w.l(entry2.o)
    0x080000f0   0x080000f0   0x00000004   Code   RO         4518    .ARM.Collect$$$$00000004  mc_w.l(entry5.o)
    0x080000f4   0x080000f4   0x00000000   Code   RO         4520    .ARM.Collect$$$$00000008  mc_w.l(entry7b.o)
    0x080000f4   0x080000f4   0x00000000   Code   RO         4522    .ARM.Collect$$$$0000000A  mc_w.l(entry8b.o)
    0x080000f4   0x080000f4   0x00000008   Code   RO         4523    .ARM.Collect$$$$0000000B  mc_w.l(entry9a.o)
    0x080000fc   0x080000fc   0x00000000   Code   RO         4525    .ARM.Collect$$$$0000000D  mc_w.l(entry10a.o)
    0x080000fc   0x080000fc   0x00000000   Code   RO         4527    .ARM.Collect$$$$0000000F  mc_w.l(entry11a.o)
    0x080000fc   0x080000fc   0x00000004   Code   RO         4516    .ARM.Collect$$$$00002712  mc_w.l(entry2.o)
    0x08000100   0x08000100   0x00000096   Code   RO         4147    .emb_text           port.o
    0x08000196   0x08000196   0x00000002   PAD
    0x08000198   0x08000198   0x00000024   Code   RO            4    .text               startup_stm32f103xb.o
    0x080001bc   0x080001bc   0x00000024   Code   RO         4236    .text               mc_w.l(memcpya.o)
    0x080001e0   0x080001e0   0x00000024   Code   RO         4240    .text               mc_w.l(memseta.o)
    0x08000204   0x08000204   0x00000024   Code   RO         4242    .text               mc_w.l(strstr.o)
    0x08000228   0x08000228   0x00000038   Code   RO         4507    .text               mc_w.l(__0sscanf.o)
    0x08000260   0x08000260   0x0000014c   Code   RO         4509    .text               mc_w.l(_scanf_int.o)
    0x080003ac   0x080003ac   0x000000e0   Code   RO         4511    .text               mc_w.l(_scanf_str.o)
    0x0800048c   0x0800048c   0x0000001a   Code   RO         4513    .text               mc_w.l(atoi.o)
    0x080004a6   0x080004a6   0x0000002c   Code   RO         4529    .text               mc_w.l(uidiv.o)
    0x080004d2   0x080004d2   0x0000001c   Code   RO         4540    .text               mc_w.l(_chval.o)
    0x080004ee   0x080004ee   0x00000002   PAD
    0x080004f0   0x080004f0   0x00000028   Code   RO         4542    .text               mc_w.l(scanf_char.o)
    0x08000518   0x08000518   0x00000040   Code   RO         4544    .text               mc_w.l(_sgetc.o)
    0x08000558   0x08000558   0x00000070   Code   RO         4546    .text               mc_w.l(strtol.o)
    0x080005c8   0x080005c8   0x00000024   Code   RO         4559    .text               mc_w.l(init.o)
    0x080005ec   0x080005ec   0x00000008   Code   RO         4567    .text               mc_w.l(ctype_o.o)
    0x080005f4   0x080005f4   0x00000012   Code   RO         4589    .text               mc_w.l(isspace_o.o)
    0x08000606   0x08000606   0x00000002   PAD
    0x08000608   0x08000608   0x0000032c   Code   RO         4595    .text               mc_w.l(_scanf.o)
    0x08000934   0x08000934   0x0000009e   Code   RO         4597    .text               mc_w.l(_strtoul.o)
    0x080009d2   0x080009d2   0x00000002   Code   RO          445    i.BusFault_Handler  stm32f1xx_it.o
    0x080009d4   0x080009d4   0x0000000c   Code   RO          446    i.DMA1_Channel4_IRQHandler  stm32f1xx_it.o
    0x080009e0   0x080009e0   0x0000000c   Code   RO          447    i.DMA1_Channel5_IRQHandler  stm32f1xx_it.o
    0x080009ec   0x080009ec   0x0000002a   Code   RO         1112    i.DMA_SetConfig     stm32f1xx_hal_dma.o
    0x08000a16   0x08000a16   0x00000002   Code   RO          448    i.DebugMon_Handler  stm32f1xx_it.o
    0x08000a18   0x08000a18   0x00000002   Code   RO          247    i.Error_Handler     main.o
    0x08000a1a   0x08000a1a   0x00000002   PAD
    0x08000a1c   0x08000a1c   0x000000c4   Code   RO           13    i.GSM_SMS           sim808.o
    0x08000ae0   0x08000ae0   0x000000dc   Code   RO           14    i.GSM_SMS_read      sim808.o
    0x08000bbc   0x08000bbc   0x000001e8   Code   RO           15    i.GSM_callback      sim808.o
    0x08000da4   0x08000da4   0x00000014   Code   RO           16    i.GSM_clear_buff    sim808.o
    0x08000db8   0x08000db8   0x00000080   Code   RO           17    i.GSM_get_rsp       sim808.o
    0x08000e38   0x08000e38   0x00000218   Code   RO           18    i.GSM_init          sim808.o
    0x08001050   0x08001050   0x00000018   Code   RO           19    i.GSM_restart_recive  sim808.o
    0x08001068   0x08001068   0x00000054   Code   RO           20    i.GSM_ring          sim808.o
    0x080010bc   0x080010bc   0x00000030   Code   RO           21    i.GSM_send_atcommand  sim808.o
    0x080010ec   0x080010ec   0x0000001c   Code   RO           22    i.GSM_start_recive  sim808.o
    0x08001108   0x08001108   0x0000003c   Code   RO           24    i.GSM_test_connection  sim808.o
    0x08001144   0x08001144   0x00000046   Code   RO         1113    i.HAL_DMA_Abort     stm32f1xx_hal_dma.o
    0x0800118a   0x0800118a   0x00000002   PAD
    0x0800118c   0x0800118c   0x00000098   Code   RO         1114    i.HAL_DMA_Abort_IT  stm32f1xx_hal_dma.o
    0x08001224   0x08001224   0x00000154   Code   RO         1118    i.HAL_DMA_IRQHandler  stm32f1xx_hal_dma.o
    0x08001378   0x08001378   0x0000005c   Code   RO         1119    i.HAL_DMA_Init      stm32f1xx_hal_dma.o
    0x080013d4   0x080013d4   0x00000070   Code   RO         1123    i.HAL_DMA_Start_IT  stm32f1xx_hal_dma.o
    0x08001444   0x08001444   0x000001e0   Code   RO         1049    i.HAL_GPIO_Init     stm32f1xx_hal_gpio.o
    0x08001624   0x08001624   0x0000000e   Code   RO         1052    i.HAL_GPIO_TogglePin  stm32f1xx_hal_gpio.o
    0x08001632   0x08001632   0x0000000a   Code   RO         1053    i.HAL_GPIO_WritePin  stm32f1xx_hal_gpio.o
    0x0800163c   0x0800163c   0x0000000c   Code   RO          745    i.HAL_GetTick       stm32f1xx_hal.o
    0x08001648   0x08001648   0x00000010   Code   RO          751    i.HAL_IncTick       stm32f1xx_hal.o
    0x08001658   0x08001658   0x00000024   Code   RO          752    i.HAL_Init          stm32f1xx_hal.o
    0x0800167c   0x0800167c   0x00000074   Code   RO          551    i.HAL_InitTick      stm32f1xx_hal_timebase_tim.o
    0x080016f0   0x080016f0   0x00000048   Code   RO          527    i.HAL_MspInit       stm32f1xx_hal_msp.o
    0x08001738   0x08001738   0x0000001a   Code   RO         1209    i.HAL_NVIC_EnableIRQ  stm32f1xx_hal_cortex.o
    0x08001752   0x08001752   0x00000002   PAD
    0x08001754   0x08001754   0x00000040   Code   RO         1215    i.HAL_NVIC_SetPriority  stm32f1xx_hal_cortex.o
    0x08001794   0x08001794   0x00000024   Code   RO         1216    i.HAL_NVIC_SetPriorityGrouping  stm32f1xx_hal_cortex.o
    0x080017b8   0x080017b8   0x0000012c   Code   RO          909    i.HAL_RCC_ClockConfig  stm32f1xx_hal_rcc.o
    0x080018e4   0x080018e4   0x00000040   Code   RO          913    i.HAL_RCC_GetClockConfig  stm32f1xx_hal_rcc.o
    0x08001924   0x08001924   0x00000020   Code   RO          916    i.HAL_RCC_GetPCLK1Freq  stm32f1xx_hal_rcc.o
    0x08001944   0x08001944   0x00000020   Code   RO          917    i.HAL_RCC_GetPCLK2Freq  stm32f1xx_hal_rcc.o
    0x08001964   0x08001964   0x0000006c   Code   RO          918    i.HAL_RCC_GetSysClockFreq  stm32f1xx_hal_rcc.o
    0x080019d0   0x080019d0   0x00000320   Code   RO          921    i.HAL_RCC_OscConfig  stm32f1xx_hal_rcc.o
    0x08001cf0   0x08001cf0   0x00000002   Code   RO         2386    i.HAL_TIMEx_BreakCallback  stm32f1xx_hal_tim_ex.o
    0x08001cf2   0x08001cf2   0x00000002   Code   RO         2387    i.HAL_TIMEx_CommutCallback  stm32f1xx_hal_tim_ex.o
    0x08001cf4   0x08001cf4   0x00000036   Code   RO         1711    i.HAL_TIM_Base_Init  stm32f1xx_hal_tim.o
    0x08001d2a   0x08001d2a   0x00000002   Code   RO         1713    i.HAL_TIM_Base_MspInit  stm32f1xx_hal_tim.o
    0x08001d2c   0x08001d2c   0x00000022   Code   RO         1716    i.HAL_TIM_Base_Start_IT  stm32f1xx_hal_tim.o
    0x08001d4e   0x08001d4e   0x00000002   Code   RO         1740    i.HAL_TIM_IC_CaptureCallback  stm32f1xx_hal_tim.o
    0x08001d50   0x08001d50   0x00000166   Code   RO         1754    i.HAL_TIM_IRQHandler  stm32f1xx_hal_tim.o
    0x08001eb6   0x08001eb6   0x00000002   Code   RO         1757    i.HAL_TIM_OC_DelayElapsedCallback  stm32f1xx_hal_tim.o
    0x08001eb8   0x08001eb8   0x00000002   Code   RO         1784    i.HAL_TIM_PWM_PulseFinishedCallback  stm32f1xx_hal_tim.o
    0x08001eba   0x08001eba   0x00000002   PAD
    0x08001ebc   0x08001ebc   0x00000014   Code   RO          248    i.HAL_TIM_PeriodElapsedCallback  main.o
    0x08001ed0   0x08001ed0   0x00000002   Code   RO         1797    i.HAL_TIM_TriggerCallback  stm32f1xx_hal_tim.o
    0x08001ed2   0x08001ed2   0x00000058   Code   RO         2656    i.HAL_UART_DMAStop  stm32f1xx_hal_uart.o
    0x08001f2a   0x08001f2a   0x00000002   Code   RO         2658    i.HAL_UART_ErrorCallback  stm32f1xx_hal_uart.o
    0x08001f2c   0x08001f2c   0x00000110   Code   RO         2661    i.HAL_UART_IRQHandler  stm32f1xx_hal_uart.o
    0x0800203c   0x0800203c   0x00000062   Code   RO         2662    i.HAL_UART_Init     stm32f1xx_hal_uart.o
    0x0800209e   0x0800209e   0x00000002   PAD
    0x080020a0   0x080020a0   0x000000d8   Code   RO          404    i.HAL_UART_MspInit  usart.o
    0x08002178   0x08002178   0x00000098   Code   RO         2666    i.HAL_UART_Receive_DMA  stm32f1xx_hal_uart.o
    0x08002210   0x08002210   0x00000002   Code   RO         2668    i.HAL_UART_RxCpltCallback  stm32f1xx_hal_uart.o
    0x08002212   0x08002212   0x00000002   Code   RO         2669    i.HAL_UART_RxHalfCpltCallback  stm32f1xx_hal_uart.o
    0x08002214   0x08002214   0x0000003e   Code   RO         2672    i.HAL_UART_Transmit_IT  stm32f1xx_hal_uart.o
    0x08002252   0x08002252   0x00000002   Code   RO         2673    i.HAL_UART_TxCpltCallback  stm32f1xx_hal_uart.o
    0x08002254   0x08002254   0x00000002   Code   RO          449    i.HardFault_Handler  stm32f1xx_it.o
    0x08002256   0x08002256   0x00000002   PAD
    0x08002258   0x08002258   0x00000024   Code   RO          626    i.ITM_SendChar      retarget_io.o
    0x0800227c   0x0800227c   0x0000003c   Code   RO          379    i.MX_DMA_Init       dma.o
    0x080022b8   0x080022b8   0x0000003c   Code   RO          322    i.MX_FREERTOS_Init  freertos.o
    0x080022f4   0x080022f4   0x00000080   Code   RO          298    i.MX_GPIO_Init      gpio.o
    0x08002374   0x08002374   0x00000038   Code   RO          405    i.MX_USART1_UART_Init  usart.o
    0x080023ac   0x080023ac   0x00000002   Code   RO          450    i.MemManage_Handler  stm32f1xx_it.o
    0x080023ae   0x080023ae   0x00000002   Code   RO          451    i.NMI_Handler       stm32f1xx_it.o
    0x080023b0   0x080023b0   0x0000008c   Code   RO          323    i.StartDefaultTask  freertos.o
    0x0800243c   0x0800243c   0x00000034   Code   RO          324    i.StartTask02       freertos.o
    0x08002470   0x08002470   0x0000002c   Code   RO         4148    i.SysTick_Handler   port.o
    0x0800249c   0x0800249c   0x0000004e   Code   RO          249    i.SystemClock_Config  main.o
    0x080024ea   0x080024ea   0x00000002   PAD
    0x080024ec   0x080024ec   0x00000048   Code   RO          591    i.SystemInit        system_stm32f1xx.o
    0x08002534   0x08002534   0x0000000c   Code   RO          452    i.TIM1_UP_IRQHandler  stm32f1xx_it.o
    0x08002540   0x08002540   0x0000006c   Code   RO         1799    i.TIM_Base_SetConfig  stm32f1xx_hal_tim.o
    0x080025ac   0x080025ac   0x00000010   Code   RO         2675    i.UART_DMAAbortOnError  stm32f1xx_hal_uart.o
    0x080025bc   0x080025bc   0x0000004a   Code   RO         2676    i.UART_DMAError     stm32f1xx_hal_uart.o
    0x08002606   0x08002606   0x0000003c   Code   RO         2677    i.UART_DMAReceiveCplt  stm32f1xx_hal_uart.o
    0x08002642   0x08002642   0x0000000a   Code   RO         2679    i.UART_DMARxHalfCplt  stm32f1xx_hal_uart.o
    0x0800264c   0x0800264c   0x0000001c   Code   RO         2685    i.UART_EndRxTransfer  stm32f1xx_hal_uart.o
    0x08002668   0x08002668   0x00000012   Code   RO         2686    i.UART_EndTxTransfer  stm32f1xx_hal_uart.o
    0x0800267a   0x0800267a   0x00000096   Code   RO         2687    i.UART_Receive_IT   stm32f1xx_hal_uart.o
    0x08002710   0x08002710   0x000000b8   Code   RO         2688    i.UART_SetConfig    stm32f1xx_hal_uart.o
    0x080027c8   0x080027c8   0x00000062   Code   RO         2689    i.UART_Transmit_IT  stm32f1xx_hal_uart.o
    0x0800282a   0x0800282a   0x00000002   PAD
    0x0800282c   0x0800282c   0x0000000c   Code   RO          453    i.USART1_IRQHandler  stm32f1xx_it.o
    0x08002838   0x08002838   0x00000002   Code   RO          454    i.UsageFault_Handler  stm32f1xx_it.o
    0x0800283a   0x0800283a   0x00000002   PAD
    0x0800283c   0x0800283c   0x00000020   Code   RO         4335    i.__0printf$3       mc_w.l(printf3.o)
    0x0800285c   0x0800285c   0x00000028   Code   RO         4337    i.__0sprintf$3      mc_w.l(printf3.o)
    0x08002884   0x08002884   0x00000020   Code   RO         1222    i.__NVIC_SetPriority  stm32f1xx_hal_cortex.o
    0x080028a4   0x080028a4   0x00000008   Code   RO         4533    i.__aeabi_errno_addr  mc_w.l(errno.o)
    0x080028ac   0x080028ac   0x0000000e   Code   RO         4606    i.__scatterload_copy  mc_w.l(handlers.o)
    0x080028ba   0x080028ba   0x00000002   Code   RO         4607    i.__scatterload_null  mc_w.l(handlers.o)
    0x080028bc   0x080028bc   0x0000000e   Code   RO         4608    i.__scatterload_zeroinit  mc_w.l(handlers.o)
    0x080028ca   0x080028ca   0x00000002   PAD
    0x080028cc   0x080028cc   0x000001b8   Code   RO         4342    i._printf_core      mc_w.l(printf3.o)
    0x08002a84   0x08002a84   0x0000000a   Code   RO         4344    i._sputc            mc_w.l(printf3.o)
    0x08002a8e   0x08002a8e   0x00000002   PAD
    0x08002a90   0x08002a90   0x00000020   Code   RO          631    i.fputc             retarget_io.o
    0x08002ab0   0x08002ab0   0x0000003c   Code   RO          250    i.main              main.o
    0x08002aec   0x08002aec   0x0000000c   Code   RO         3719    i.makeFreeRtosPriority  cmsis_os.o
    0x08002af8   0x08002af8   0x0000000e   Code   RO         3721    i.osDelay           cmsis_os.o
    0x08002b06   0x08002b06   0x0000000a   Code   RO         3724    i.osKernelStart     cmsis_os.o
    0x08002b10   0x08002b10   0x00000054   Code   RO         3758    i.osThreadCreate    cmsis_os.o
    0x08002b64   0x08002b64   0x00000070   Code   RO         3416    i.prvAddCurrentTaskToDelayedList  tasks.o
    0x08002bd4   0x08002bd4   0x000000d0   Code   RO         3417    i.prvAddNewTaskToReadyList  tasks.o
    0x08002ca4   0x08002ca4   0x00000034   Code   RO         3418    i.prvDeleteTCB      tasks.o
    0x08002cd8   0x08002cd8   0x0000004c   Code   RO         4086    i.prvHeapInit       heap_4.o
    0x08002d24   0x08002d24   0x00000060   Code   RO         3419    i.prvIdleTask       tasks.o
    0x08002d84   0x08002d84   0x0000008e   Code   RO         3420    i.prvInitialiseNewTask  tasks.o
    0x08002e12   0x08002e12   0x00000002   PAD
    0x08002e14   0x08002e14   0x0000004c   Code   RO         4087    i.prvInsertBlockIntoFreeList  heap_4.o
    0x08002e60   0x08002e60   0x00000020   Code   RO         3421    i.prvResetNextTaskUnblockTime  tasks.o
    0x08002e80   0x08002e80   0x00000028   Code   RO         4149    i.prvTaskExitError  port.o
    0x08002ea8   0x08002ea8   0x000000d8   Code   RO         4088    i.pvPortMalloc      heap_4.o
    0x08002f80   0x08002f80   0x00000024   Code   RO         4150    i.pxPortInitialiseStack  port.o
    0x08002fa4   0x08002fa4   0x00000026   Code   RO         3064    i.uxListRemove      list.o
    0x08002fca   0x08002fca   0x00000002   PAD
    0x08002fcc   0x08002fcc   0x00000014   Code   RO          325    i.vApplicationGetIdleTaskMemory  freertos.o
    0x08002fe0   0x08002fe0   0x00000016   Code   RO         3065    i.vListInitialise   list.o
    0x08002ff6   0x08002ff6   0x00000006   Code   RO         3066    i.vListInitialiseItem  list.o
    0x08002ffc   0x08002ffc   0x00000030   Code   RO         3067    i.vListInsert       list.o
    0x0800302c   0x0800302c   0x00000018   Code   RO         3068    i.vListInsertEnd    list.o
    0x08003044   0x08003044   0x00000040   Code   RO         4152    i.vPortEnterCritical  port.o
    0x08003084   0x08003084   0x00000028   Code   RO         4153    i.vPortExitCritical  port.o
    0x080030ac   0x080030ac   0x0000005c   Code   RO         4089    i.vPortFree         heap_4.o
    0x08003108   0x08003108   0x00000024   Code   RO         4154    i.vPortSetupTimerInterrupt  port.o
    0x0800312c   0x0800312c   0x0000004c   Code   RO         3429    i.vTaskDelay        tasks.o
    0x08003178   0x08003178   0x0000006c   Code   RO         3442    i.vTaskStartScheduler  tasks.o
    0x080031e4   0x080031e4   0x00000010   Code   RO         3444    i.vTaskSuspendAll   tasks.o
    0x080031f4   0x080031f4   0x0000005c   Code   RO         3445    i.vTaskSwitchContext  tasks.o
    0x08003250   0x08003250   0x000000a8   Code   RO         4156    i.xPortStartScheduler  port.o
    0x080032f8   0x080032f8   0x0000005a   Code   RO         3447    i.xTaskCreate       tasks.o
    0x08003352   0x08003352   0x00000056   Code   RO         3448    i.xTaskCreateStatic  tasks.o
    0x080033a8   0x080033a8   0x000000c8   Code   RO         3455    i.xTaskIncrementTick  tasks.o
    0x08003470   0x08003470   0x000000c4   Code   RO         3461    i.xTaskResumeAll    tasks.o
    0x08003534   0x08003534   0x00000038   Data   RO          327    .constdata          freertos.o
    0x0800356c   0x0800356c   0x00000010   Data   RO          592    .constdata          system_stm32f1xx.o
    0x0800357c   0x0800357c   0x00000008   Data   RO          593    .constdata          system_stm32f1xx.o
    0x08003584   0x08003584   0x00000081   Data   RO         4568    .constdata          mc_w.l(ctype_o.o)
    0x08003605   0x08003605   0x00000003   PAD
    0x08003608   0x08003608   0x00000004   Data   RO         4569    .constdata          mc_w.l(ctype_o.o)
    0x0800360c   0x0800360c   0x00000018   Data   RO          328    .conststring        freertos.o
    0x08003624   0x08003624   0x00000020   Data   RO         4604    Region$$Table       anon$$obj.o


    Execution Region RW_IRAM1 (Exec base: 0x20000000, Load base: 0x08003644, Size: 0x00001d90, Max: 0x00005000, ABSOLUTE)

    Exec Addr    Load Addr    Size         Type   Attr      Idx    E Section Name        Object

    0x20000000   0x08003644   0x00000010   Data   RW           26    .data               sim808.o
    0x20000010   0x08003654   0x00000008   Data   RW          329    .data               freertos.o
    0x20000018   0x0800365c   0x00000004   Data   RW          594    .data               system_stm32f1xx.o
    0x2000001c   0x08003660   0x0000000c   Data   RW          759    .data               stm32f1xx_hal.o
    0x20000028   0x0800366c   0x0000003c   Data   RW         3464    .data               tasks.o
    0x20000064   0x080036a8   0x00000018   Data   RW         4094    .data               heap_4.o
    0x2000007c   0x080036c0   0x0000000c   Data   RW         4157    .data               port.o
    0x20000088   0x080036cc   0x00000004   Data   RW         4232    .data               mc_w.l(stdout.o)
    0x2000008c   0x080036d0   0x00000004   Data   RW         4233    .data               mc_w.l(stderr.o)
    0x20000090   0x080036d4   0x00000004   Data   RW         4536    .data               mc_w.l(errno.o)
    0x20000094        -       0x000008ab   Zero   RW           25    .bss                sim808.o
    0x2000093f   0x080036d8   0x00000001   PAD
    0x20000940        -       0x00000254   Zero   RW          326    .bss                freertos.o
    0x20000b94        -       0x000000c8   Zero   RW          406    .bss                usart.o
    0x20000c5c        -       0x00000040   Zero   RW          554    .bss                stm32f1xx_hal_timebase_tim.o
    0x20000c9c        -       0x000000f0   Zero   RW         3463    .bss                tasks.o
    0x20000d8c        -       0x00000c00   Zero   RW         4093    .bss                heap_4.o
    0x2000198c   0x080036d8   0x00000004   PAD
    0x20001990        -       0x00000400   Zero   RW            1    STACK               startup_stm32f103xb.o


==============================================================================

Image component sizes


      Code (inc. data)   RO Data    RW Data    ZI Data      Debug   Object Name

       120          0          0          0          0      22237   cmsis_os.o
        60          4          0          0          0        714   dma.o
         0          0          0          0          0      18128   event_groups.o
       272        112         80          8        596       3101   freertos.o
       128          8          0          0          0        895   gpio.o
       460         24          0         24       3072       7135   heap_4.o
       138          0          0          0          0       3310   list.o
       160         30          0          0          0       2372   main.o
       578         60          0         12          0      10188   port.o
        68         14          0          0          0       3839   retarget_io.o
      1832        876          0         16       2219     459403   sim808.o
        36          8        236          0       1024        788   startup_stm32f103xb.o
        64         14          0         12          0       4550   stm32f1xx_hal.o
       158         14          0          0          0      28110   stm32f1xx_hal_cortex.o
       808         36          0          0          0       4890   stm32f1xx_hal_dma.o
       504         34          0          0          0       3429   stm32f1xx_hal_gpio.o
        72         10          0          0          0        818   stm32f1xx_hal_msp.o
      1336        110          0          0          0       5721   stm32f1xx_hal_rcc.o
       564         14          0          0          0       6776   stm32f1xx_hal_tim.o
         4          0          0          0          0       1505   stm32f1xx_hal_tim_ex.o
       116         18          0          0         64       1351   stm32f1xx_hal_timebase_tim.o
      1318         26          0          0          0      11874   stm32f1xx_hal_uart.o
        60         24          0          0          0       4132   stm32f1xx_it.o
        72         16         24          4          0       1115   system_stm32f1xx.o
      1506        110          0         60        240      15894   tasks.o
       272         28          0          0        200       1768   usart.o

    ----------------------------------------------------------------------
     10730       1590        372        136       7420     624043   Object Totals
         0          0         32          0          0          0   (incl. Generated)
        24          0          0          0          5          0   (incl. Padding)

    ----------------------------------------------------------------------

      Code (inc. data)   RO Data    RW Data    ZI Data      Debug   Library Member Name

        56          8          0          0          0         84   __0sscanf.o
        28          0          0          0          0         68   _chval.o
       812          4          0          0          0        112   _scanf.o
       332          0          0          0          0         96   _scanf_int.o
       224          0          0          0          0         96   _scanf_str.o
        64          0          0          0          0         84   _sgetc.o
       158          0          0          0          0         92   _strtoul.o
        26          0          0          0          0         80   atoi.o
         8          4        133          0          0         68   ctype_o.o
         0          0          0          0          0          0   entry.o
         0          0          0          0          0          0   entry10a.o
         0          0          0          0          0          0   entry11a.o
         8          4          0          0          0          0   entry2.o
         4          0          0          0          0          0   entry5.o
         0          0          0          0          0          0   entry7b.o
         0          0          0          0          0          0   entry8b.o
         8          4          0          0          0          0   entry9a.o
         8          4          0          4          0         68   errno.o
        30          0          0          0          0          0   handlers.o
        36          8          0          0          0         68   init.o
        18          0          0          0          0         76   isspace_o.o
        36          0          0          0          0         68   memcpya.o
        36          0          0          0          0        108   memseta.o
       522         20          0          0          0        336   printf3.o
        40          8          0          0          0         84   scanf_char.o
         0          0          0          4          0          0   stderr.o
         0          0          0          4          0          0   stdout.o
        36          0          0          0          0         80   strstr.o
       112          0          0          0          0         88   strtol.o
        44          0          0          0          0         80   uidiv.o

    ----------------------------------------------------------------------
      2654         64        136         12          0       1836   Library Totals
         8          0          3          0          0          0   (incl. Padding)

    ----------------------------------------------------------------------

      Code (inc. data)   RO Data    RW Data    ZI Data      Debug   Library Name

      2646         64        133         12          0       1836   mc_w.l

    ----------------------------------------------------------------------
      2654         64        136         12          0       1836   Library Totals

    ----------------------------------------------------------------------

==============================================================================


      Code (inc. data)   RO Data    RW Data    ZI Data      Debug   

     13384       1654        508        148       7420     618803   Grand Totals
     13384       1654        508        148       7420     618803   ELF Image Totals
     13384       1654        508        148          0          0   ROM Totals

==============================================================================

    Total RO  Size (Code + RO Data)                13892 (  13.57kB)
    Total RW  Size (RW Data + ZI Data)              7568 (   7.39kB)
    Total ROM Size (Code + RO Data + RW Data)      14040 (  13.71kB)

==============================================================================

